<!doctype html public "-//w3c//dtd html 4.0 transitional//en">
<html><head>
<title>Static Call Graph - [.\Objects\rt1064.axf]</title></head>
<body><HR>
<H1>Static Call Graph for image .\Objects\rt1064.axf</H1><HR>
<BR><P>#&#060CALLGRAPH&#062# ARM Linker, 6210000: Last Updated: Sun Sep 14 12:17:38 2025
<BR><P>
<H3>Maximum Stack Usage =        848 bytes + Unknown(Functions without stacksize, Cycles, Untraceable Function Pointers)</H3><H3>
Call chain for Maximum Stack Depth:</H3>
__rt_entry_main &rArr; main &rArr; ips200_show_int &rArr; ips200_show_string &rArr; ips200_show_char &rArr; ips200_set_region &rArr; ips200_write_command &rArr; spi_write_8bit &rArr; debug_assert_handler &rArr; debug_output &rArr; __2sprintf &rArr; _printf_char_common &rArr; __printf
<P>
<H3>
Functions with no stack information
</H3><UL>
 <LI><a href="#[0]">Reset_Handler</a>
 <LI><a href="#[85]">ACMP1_IRQHandler</a>
 <LI><a href="#[86]">ACMP2_IRQHandler</a>
 <LI><a href="#[87]">ACMP3_IRQHandler</a>
 <LI><a href="#[88]">ACMP4_IRQHandler</a>
 <LI><a href="#[4d]">ADC1_IRQHandler</a>
 <LI><a href="#[4e]">ADC2_IRQHandler</a>
 <LI><a href="#[83]">ADC_ETC_ERROR_IRQ_IRQHandler</a>
 <LI><a href="#[80]">ADC_ETC_IRQ0_IRQHandler</a>
 <LI><a href="#[81]">ADC_ETC_IRQ1_IRQHandler</a>
 <LI><a href="#[82]">ADC_ETC_IRQ2_IRQHandler</a>
 <LI><a href="#[41]">BEE_IRQHandler</a>
 <LI><a href="#[69]">CCM_1_IRQHandler</a>
 <LI><a href="#[6a]">CCM_2_IRQHandler</a>
 <LI><a href="#[1d]">CORE_IRQHandler</a>
 <LI><a href="#[3b]">CSU_IRQHandler</a>
 <LI><a href="#[1b]">CTI0_ERROR_IRQHandler</a>
 <LI><a href="#[1c]">CTI1_ERROR_IRQHandler</a>
 <LI><a href="#[4f]">DCDC_IRQHandler</a>
 <LI><a href="#[3c]">DCP_IRQHandler</a>
 <LI><a href="#[3d]">DCP_VMI_IRQHandler</a>
 <LI><a href="#[bb]">DMA_ERROR_DriverIRQHandler</a>
 <LI><a href="#[a8]">DefaultISR</a>
 <LI><a href="#[8b]">ENC1_IRQHandler</a>
 <LI><a href="#[8c]">ENC2_IRQHandler</a>
 <LI><a href="#[8d]">ENC3_IRQHandler</a>
 <LI><a href="#[8e]">ENC4_IRQHandler</a>
 <LI><a href="#[68]">EWM_IRQHandler</a>
 <LI><a href="#[30]">FLEXRAM_IRQHandler</a>
 <LI><a href="#[d5]">FLEXSPI2_DriverIRQHandler</a>
 <LI><a href="#[d6]">FLEXSPI_DriverIRQHandler</a>
 <LI><a href="#[6b]">GPC_IRQHandler</a>
 <LI><a href="#[51]">GPIO10_IRQHandler</a>
 <LI><a href="#[52]">GPIO1_INT0_IRQHandler</a>
 <LI><a href="#[53]">GPIO1_INT1_IRQHandler</a>
 <LI><a href="#[54]">GPIO1_INT2_IRQHandler</a>
 <LI><a href="#[55]">GPIO1_INT3_IRQHandler</a>
 <LI><a href="#[56]">GPIO1_INT4_IRQHandler</a>
 <LI><a href="#[57]">GPIO1_INT5_IRQHandler</a>
 <LI><a href="#[58]">GPIO1_INT6_IRQHandler</a>
 <LI><a href="#[59]">GPIO1_INT7_IRQHandler</a>
 <LI><a href="#[5f]">GPIO3_Combined_16_31_IRQHandler</a>
 <LI><a href="#[60]">GPIO4_Combined_0_15_IRQHandler</a>
 <LI><a href="#[61]">GPIO4_Combined_16_31_IRQHandler</a>
 <LI><a href="#[62]">GPIO5_Combined_0_15_IRQHandler</a>
 <LI><a href="#[63]">GPIO5_Combined_16_31_IRQHandler</a>
 <LI><a href="#[a7]">GPIO6_7_8_9_IRQHandler</a>
 <LI><a href="#[33]">GPR_IRQ_IRQHandler</a>
 <LI><a href="#[6e]">GPT1_IRQHandler</a>
 <LI><a href="#[6f]">GPT2_IRQHandler</a>
 <LI><a href="#[31]">KPP_IRQHandler</a>
 <LI><a href="#[34]">LCDIF_IRQHandler</a>
 <LI><a href="#[47]">PMU_EVENT_IRQHandler</a>
 <LI><a href="#[70]">PWM1_0_IRQHandler</a>
 <LI><a href="#[71]">PWM1_1_IRQHandler</a>
 <LI><a href="#[72]">PWM1_2_IRQHandler</a>
 <LI><a href="#[73]">PWM1_3_IRQHandler</a>
 <LI><a href="#[74]">PWM1_FAULT_IRQHandler</a>
 <LI><a href="#[93]">PWM2_0_IRQHandler</a>
 <LI><a href="#[94]">PWM2_1_IRQHandler</a>
 <LI><a href="#[95]">PWM2_2_IRQHandler</a>
 <LI><a href="#[96]">PWM2_3_IRQHandler</a>
 <LI><a href="#[97]">PWM2_FAULT_IRQHandler</a>
 <LI><a href="#[98]">PWM3_0_IRQHandler</a>
 <LI><a href="#[99]">PWM3_1_IRQHandler</a>
 <LI><a href="#[9a]">PWM3_2_IRQHandler</a>
 <LI><a href="#[9b]">PWM3_3_IRQHandler</a>
 <LI><a href="#[9c]">PWM3_FAULT_IRQHandler</a>
 <LI><a href="#[9d]">PWM4_0_IRQHandler</a>
 <LI><a href="#[9e]">PWM4_1_IRQHandler</a>
 <LI><a href="#[9f]">PWM4_2_IRQHandler</a>
 <LI><a href="#[a0]">PWM4_3_IRQHandler</a>
 <LI><a href="#[a1]">PWM4_FAULT_IRQHandler</a>
 <LI><a href="#[36]">PXP_IRQHandler</a>
 <LI><a href="#[67]">RTWDOG_IRQHandler</a>
 <LI><a href="#[6d]">Reserved115_IRQHandler</a>
 <LI><a href="#[89]">Reserved143_IRQHandler</a>
 <LI><a href="#[8a]">Reserved144_IRQHandler</a>
 <LI><a href="#[a5]">Reserved171_IRQHandler</a>
 <LI><a href="#[3e]">Reserved68_IRQHandler</a>
 <LI><a href="#[48]">Reserved78_IRQHandler</a>
 <LI><a href="#[50]">Reserved86_IRQHandler</a>
 <LI><a href="#[77]">SEMC_IRQHandler</a>
 <LI><a href="#[40]">SJC_IRQHandler</a>
 <LI><a href="#[38]">SNVS_HP_WRAPPER_IRQHandler</a>
 <LI><a href="#[39]">SNVS_HP_WRAPPER_TZ_IRQHandler</a>
 <LI><a href="#[3a]">SNVS_LP_WRAPPER_IRQHandler</a>
 <LI><a href="#[6c]">SRC_IRQHandler</a>
 <LI><a href="#[49]">TEMP_LOW_HIGH_IRQHandler</a>
 <LI><a href="#[4a]">TEMP_PANIC_IRQHandler</a>
 <LI><a href="#[8f]">TMR1_IRQHandler</a>
 <LI><a href="#[90]">TMR2_IRQHandler</a>
 <LI><a href="#[91]">TMR3_IRQHandler</a>
 <LI><a href="#[92]">TMR4_IRQHandler</a>
 <LI><a href="#[3f]">TRNG_IRQHandler</a>
 <LI><a href="#[32]">TSC_DIG_IRQHandler</a>
 <LI><a href="#[4b]">USB_PHY1_IRQHandler</a>
 <LI><a href="#[4c]">USB_PHY2_IRQHandler</a>
 <LI><a href="#[66]">WDOG1_IRQHandler</a>
 <LI><a href="#[37]">WDOG2_IRQHandler</a>
 <LI><a href="#[7e]">XBAR1_IRQ_0_1_IRQHandler</a>
 <LI><a href="#[7f]">XBAR1_IRQ_2_3_IRQHandler</a>
 <LI><a href="#[a]">DMA0_DMA16_IRQHandler</a>
 <LI><a href="#[b]">DMA1_DMA17_IRQHandler</a>
 <LI><a href="#[c]">DMA2_DMA18_IRQHandler</a>
 <LI><a href="#[d]">DMA3_DMA19_IRQHandler</a>
 <LI><a href="#[e]">DMA4_DMA20_IRQHandler</a>
 <LI><a href="#[f]">DMA5_DMA21_IRQHandler</a>
 <LI><a href="#[10]">DMA6_DMA22_IRQHandler</a>
 <LI><a href="#[11]">DMA7_DMA23_IRQHandler</a>
 <LI><a href="#[12]">DMA8_DMA24_IRQHandler</a>
 <LI><a href="#[13]">DMA9_DMA25_IRQHandler</a>
 <LI><a href="#[14]">DMA10_DMA26_IRQHandler</a>
 <LI><a href="#[15]">DMA11_DMA27_IRQHandler</a>
 <LI><a href="#[16]">DMA12_DMA28_IRQHandler</a>
 <LI><a href="#[17]">DMA13_DMA29_IRQHandler</a>
 <LI><a href="#[18]">DMA14_DMA30_IRQHandler</a>
 <LI><a href="#[19]">DMA15_DMA31_IRQHandler</a>
 <LI><a href="#[1a]">DMA_ERROR_IRQHandler</a>
 <LI><a href="#[24]">LPUART7_IRQHandler</a>
 <LI><a href="#[26]">LPI2C1_IRQHandler</a>
 <LI><a href="#[27]">LPI2C2_IRQHandler</a>
 <LI><a href="#[28]">LPI2C3_IRQHandler</a>
 <LI><a href="#[29]">LPI2C4_IRQHandler</a>
 <LI><a href="#[2a]">LPSPI1_IRQHandler</a>
 <LI><a href="#[2b]">LPSPI2_IRQHandler</a>
 <LI><a href="#[2c]">LPSPI3_IRQHandler</a>
 <LI><a href="#[2d]">LPSPI4_IRQHandler</a>
 <LI><a href="#[2e]">CAN1_IRQHandler</a>
 <LI><a href="#[2f]">CAN2_IRQHandler</a>
 <LI><a href="#[42]">SAI1_IRQHandler</a>
 <LI><a href="#[43]">SAI2_IRQHandler</a>
 <LI><a href="#[44]">SAI3_RX_IRQHandler</a>
 <LI><a href="#[45]">SAI3_TX_IRQHandler</a>
 <LI><a href="#[46]">SPDIF_IRQHandler</a>
 <LI><a href="#[64]">FLEXIO1_IRQHandler</a>
 <LI><a href="#[65]">FLEXIO2_IRQHandler</a>
 <LI><a href="#[75]">FLEXSPI2_IRQHandler</a>
 <LI><a href="#[76]">FLEXSPI_IRQHandler</a>
 <LI><a href="#[78]">USDHC1_IRQHandler</a>
 <LI><a href="#[79]">USDHC2_IRQHandler</a>
 <LI><a href="#[7c]">ENET_IRQHandler</a>
 <LI><a href="#[7d]">ENET_1588_Timer_IRQHandler</a>
 <LI><a href="#[a2]">ENET2_IRQHandler</a>
 <LI><a href="#[a3]">ENET2_1588_Timer_IRQHandler</a>
 <LI><a href="#[a4]">CAN3_IRQHandler</a>
 <LI><a href="#[a6]">FLEXIO3_IRQHandler</a>
</UL>
</UL>
<P>
<H3>
Mutually Recursive functions
</H3> <LI><a href="#[4]">BusFault_Handler</a>&nbsp;&nbsp;&nbsp;&rArr;&nbsp;&nbsp;&nbsp;<a href="#[4]">BusFault_Handler</a><BR>
 <LI><a href="#[7]">DebugMon_Handler</a>&nbsp;&nbsp;&nbsp;&rArr;&nbsp;&nbsp;&nbsp;<a href="#[7]">DebugMon_Handler</a><BR>
 <LI><a href="#[2]">HardFault_Handler</a>&nbsp;&nbsp;&nbsp;&rArr;&nbsp;&nbsp;&nbsp;<a href="#[2]">HardFault_Handler</a><BR>
 <LI><a href="#[1c2]">pwm_set_duty</a>&nbsp;&nbsp;&nbsp;&rArr;&nbsp;&nbsp;&nbsp;<a href="#[1c0]">debug_assert_handler</a><BR>
 <LI><a href="#[3]">MemManage_Handler</a>&nbsp;&nbsp;&nbsp;&rArr;&nbsp;&nbsp;&nbsp;<a href="#[3]">MemManage_Handler</a><BR>
 <LI><a href="#[1]">NMI_Handler</a>&nbsp;&nbsp;&nbsp;&rArr;&nbsp;&nbsp;&nbsp;<a href="#[1]">NMI_Handler</a><BR>
 <LI><a href="#[8]">PendSV_Handler</a>&nbsp;&nbsp;&nbsp;&rArr;&nbsp;&nbsp;&nbsp;<a href="#[8]">PendSV_Handler</a><BR>
 <LI><a href="#[6]">SVC_Handler</a>&nbsp;&nbsp;&nbsp;&rArr;&nbsp;&nbsp;&nbsp;<a href="#[6]">SVC_Handler</a><BR>
 <LI><a href="#[5]">UsageFault_Handler</a>&nbsp;&nbsp;&nbsp;&rArr;&nbsp;&nbsp;&nbsp;<a href="#[5]">UsageFault_Handler</a><BR>
 <LI><a href="#[192]">LPUART_Deinit</a>&nbsp;&nbsp;&nbsp;&rArr;&nbsp;&nbsp;&nbsp;<a href="#[192]">LPUART_Deinit</a><BR>
</UL>
<P>
<H3>
Function Pointers
</H3><UL>
 <LI><a href="#[85]">ACMP1_IRQHandler</a> from startup_mimxrt1064.o(.text) referenced from startup_mimxrt1064.o(.isr_vector)
 <LI><a href="#[86]">ACMP2_IRQHandler</a> from startup_mimxrt1064.o(.text) referenced from startup_mimxrt1064.o(.isr_vector)
 <LI><a href="#[87]">ACMP3_IRQHandler</a> from startup_mimxrt1064.o(.text) referenced from startup_mimxrt1064.o(.isr_vector)
 <LI><a href="#[88]">ACMP4_IRQHandler</a> from startup_mimxrt1064.o(.text) referenced from startup_mimxrt1064.o(.isr_vector)
 <LI><a href="#[4d]">ADC1_IRQHandler</a> from startup_mimxrt1064.o(.text) referenced from startup_mimxrt1064.o(.isr_vector)
 <LI><a href="#[4e]">ADC2_IRQHandler</a> from startup_mimxrt1064.o(.text) referenced from startup_mimxrt1064.o(.isr_vector)
 <LI><a href="#[83]">ADC_ETC_ERROR_IRQ_IRQHandler</a> from startup_mimxrt1064.o(.text) referenced from startup_mimxrt1064.o(.isr_vector)
 <LI><a href="#[80]">ADC_ETC_IRQ0_IRQHandler</a> from startup_mimxrt1064.o(.text) referenced from startup_mimxrt1064.o(.isr_vector)
 <LI><a href="#[81]">ADC_ETC_IRQ1_IRQHandler</a> from startup_mimxrt1064.o(.text) referenced from startup_mimxrt1064.o(.isr_vector)
 <LI><a href="#[82]">ADC_ETC_IRQ2_IRQHandler</a> from startup_mimxrt1064.o(.text) referenced from startup_mimxrt1064.o(.isr_vector)
 <LI><a href="#[41]">BEE_IRQHandler</a> from startup_mimxrt1064.o(.text) referenced from startup_mimxrt1064.o(.isr_vector)
 <LI><a href="#[4]">BusFault_Handler</a> from zf_common_vector.o(.text.BusFault_Handler) referenced from startup_mimxrt1064.o(.isr_vector)
 <LI><a href="#[cc]">CAN1_DriverIRQHandler</a> from fsl_flexcan.o(.text.CAN1_DriverIRQHandler) referenced from startup_mimxrt1064.o(.text)
 <LI><a href="#[2e]">CAN1_IRQHandler</a> from startup_mimxrt1064.o(.text) referenced from startup_mimxrt1064.o(.isr_vector)
 <LI><a href="#[cd]">CAN2_DriverIRQHandler</a> from fsl_flexcan.o(.text.CAN2_DriverIRQHandler) referenced from startup_mimxrt1064.o(.text)
 <LI><a href="#[2f]">CAN2_IRQHandler</a> from startup_mimxrt1064.o(.text) referenced from startup_mimxrt1064.o(.isr_vector)
 <LI><a href="#[dd]">CAN3_DriverIRQHandler</a> from fsl_flexcan.o(.text.CAN3_DriverIRQHandler) referenced from startup_mimxrt1064.o(.text)
 <LI><a href="#[a4]">CAN3_IRQHandler</a> from startup_mimxrt1064.o(.text) referenced from startup_mimxrt1064.o(.isr_vector)
 <LI><a href="#[69]">CCM_1_IRQHandler</a> from startup_mimxrt1064.o(.text) referenced from startup_mimxrt1064.o(.isr_vector)
 <LI><a href="#[6a]">CCM_2_IRQHandler</a> from startup_mimxrt1064.o(.text) referenced from startup_mimxrt1064.o(.isr_vector)
 <LI><a href="#[1d]">CORE_IRQHandler</a> from startup_mimxrt1064.o(.text) referenced from startup_mimxrt1064.o(.isr_vector)
 <LI><a href="#[35]">CSI_IRQHandler</a> from isr.o(.text.CSI_IRQHandler) referenced from startup_mimxrt1064.o(.isr_vector)
 <LI><a href="#[3b]">CSU_IRQHandler</a> from startup_mimxrt1064.o(.text) referenced from startup_mimxrt1064.o(.isr_vector)
 <LI><a href="#[1b]">CTI0_ERROR_IRQHandler</a> from startup_mimxrt1064.o(.text) referenced from startup_mimxrt1064.o(.isr_vector)
 <LI><a href="#[1c]">CTI1_ERROR_IRQHandler</a> from startup_mimxrt1064.o(.text) referenced from startup_mimxrt1064.o(.isr_vector)
 <LI><a href="#[4f]">DCDC_IRQHandler</a> from startup_mimxrt1064.o(.text) referenced from startup_mimxrt1064.o(.isr_vector)
 <LI><a href="#[3c]">DCP_IRQHandler</a> from startup_mimxrt1064.o(.text) referenced from startup_mimxrt1064.o(.isr_vector)
 <LI><a href="#[3d]">DCP_VMI_IRQHandler</a> from startup_mimxrt1064.o(.text) referenced from startup_mimxrt1064.o(.isr_vector)
 <LI><a href="#[ab]">DMA0_DMA16_DriverIRQHandler</a> from fsl_edma.o(.text.DMA0_DMA16_DriverIRQHandler) referenced from startup_mimxrt1064.o(.text)
 <LI><a href="#[a]">DMA0_DMA16_IRQHandler</a> from startup_mimxrt1064.o(.text) referenced from startup_mimxrt1064.o(.isr_vector)
 <LI><a href="#[b5]">DMA10_DMA26_DriverIRQHandler</a> from fsl_edma.o(.text.DMA10_DMA26_DriverIRQHandler) referenced from startup_mimxrt1064.o(.text)
 <LI><a href="#[14]">DMA10_DMA26_IRQHandler</a> from startup_mimxrt1064.o(.text) referenced from startup_mimxrt1064.o(.isr_vector)
 <LI><a href="#[b6]">DMA11_DMA27_DriverIRQHandler</a> from fsl_edma.o(.text.DMA11_DMA27_DriverIRQHandler) referenced from startup_mimxrt1064.o(.text)
 <LI><a href="#[15]">DMA11_DMA27_IRQHandler</a> from startup_mimxrt1064.o(.text) referenced from startup_mimxrt1064.o(.isr_vector)
 <LI><a href="#[b7]">DMA12_DMA28_DriverIRQHandler</a> from fsl_edma.o(.text.DMA12_DMA28_DriverIRQHandler) referenced from startup_mimxrt1064.o(.text)
 <LI><a href="#[16]">DMA12_DMA28_IRQHandler</a> from startup_mimxrt1064.o(.text) referenced from startup_mimxrt1064.o(.isr_vector)
 <LI><a href="#[b8]">DMA13_DMA29_DriverIRQHandler</a> from fsl_edma.o(.text.DMA13_DMA29_DriverIRQHandler) referenced from startup_mimxrt1064.o(.text)
 <LI><a href="#[17]">DMA13_DMA29_IRQHandler</a> from startup_mimxrt1064.o(.text) referenced from startup_mimxrt1064.o(.isr_vector)
 <LI><a href="#[b9]">DMA14_DMA30_DriverIRQHandler</a> from fsl_edma.o(.text.DMA14_DMA30_DriverIRQHandler) referenced from startup_mimxrt1064.o(.text)
 <LI><a href="#[18]">DMA14_DMA30_IRQHandler</a> from startup_mimxrt1064.o(.text) referenced from startup_mimxrt1064.o(.isr_vector)
 <LI><a href="#[ba]">DMA15_DMA31_DriverIRQHandler</a> from fsl_edma.o(.text.DMA15_DMA31_DriverIRQHandler) referenced from startup_mimxrt1064.o(.text)
 <LI><a href="#[19]">DMA15_DMA31_IRQHandler</a> from startup_mimxrt1064.o(.text) referenced from startup_mimxrt1064.o(.isr_vector)
 <LI><a href="#[ac]">DMA1_DMA17_DriverIRQHandler</a> from fsl_edma.o(.text.DMA1_DMA17_DriverIRQHandler) referenced from startup_mimxrt1064.o(.text)
 <LI><a href="#[b]">DMA1_DMA17_IRQHandler</a> from startup_mimxrt1064.o(.text) referenced from startup_mimxrt1064.o(.isr_vector)
 <LI><a href="#[ad]">DMA2_DMA18_DriverIRQHandler</a> from fsl_edma.o(.text.DMA2_DMA18_DriverIRQHandler) referenced from startup_mimxrt1064.o(.text)
 <LI><a href="#[c]">DMA2_DMA18_IRQHandler</a> from startup_mimxrt1064.o(.text) referenced from startup_mimxrt1064.o(.isr_vector)
 <LI><a href="#[ae]">DMA3_DMA19_DriverIRQHandler</a> from fsl_edma.o(.text.DMA3_DMA19_DriverIRQHandler) referenced from startup_mimxrt1064.o(.text)
 <LI><a href="#[d]">DMA3_DMA19_IRQHandler</a> from startup_mimxrt1064.o(.text) referenced from startup_mimxrt1064.o(.isr_vector)
 <LI><a href="#[af]">DMA4_DMA20_DriverIRQHandler</a> from fsl_edma.o(.text.DMA4_DMA20_DriverIRQHandler) referenced from startup_mimxrt1064.o(.text)
 <LI><a href="#[e]">DMA4_DMA20_IRQHandler</a> from startup_mimxrt1064.o(.text) referenced from startup_mimxrt1064.o(.isr_vector)
 <LI><a href="#[b0]">DMA5_DMA21_DriverIRQHandler</a> from fsl_edma.o(.text.DMA5_DMA21_DriverIRQHandler) referenced from startup_mimxrt1064.o(.text)
 <LI><a href="#[f]">DMA5_DMA21_IRQHandler</a> from startup_mimxrt1064.o(.text) referenced from startup_mimxrt1064.o(.isr_vector)
 <LI><a href="#[b1]">DMA6_DMA22_DriverIRQHandler</a> from fsl_edma.o(.text.DMA6_DMA22_DriverIRQHandler) referenced from startup_mimxrt1064.o(.text)
 <LI><a href="#[10]">DMA6_DMA22_IRQHandler</a> from startup_mimxrt1064.o(.text) referenced from startup_mimxrt1064.o(.isr_vector)
 <LI><a href="#[b2]">DMA7_DMA23_DriverIRQHandler</a> from fsl_edma.o(.text.DMA7_DMA23_DriverIRQHandler) referenced from startup_mimxrt1064.o(.text)
 <LI><a href="#[11]">DMA7_DMA23_IRQHandler</a> from startup_mimxrt1064.o(.text) referenced from startup_mimxrt1064.o(.isr_vector)
 <LI><a href="#[b3]">DMA8_DMA24_DriverIRQHandler</a> from fsl_edma.o(.text.DMA8_DMA24_DriverIRQHandler) referenced from startup_mimxrt1064.o(.text)
 <LI><a href="#[12]">DMA8_DMA24_IRQHandler</a> from startup_mimxrt1064.o(.text) referenced from startup_mimxrt1064.o(.isr_vector)
 <LI><a href="#[b4]">DMA9_DMA25_DriverIRQHandler</a> from fsl_edma.o(.text.DMA9_DMA25_DriverIRQHandler) referenced from startup_mimxrt1064.o(.text)
 <LI><a href="#[13]">DMA9_DMA25_IRQHandler</a> from startup_mimxrt1064.o(.text) referenced from startup_mimxrt1064.o(.isr_vector)
 <LI><a href="#[bb]">DMA_ERROR_DriverIRQHandler</a> from startup_mimxrt1064.o(.text) referenced from startup_mimxrt1064.o(.text)
 <LI><a href="#[1a]">DMA_ERROR_IRQHandler</a> from startup_mimxrt1064.o(.text) referenced from startup_mimxrt1064.o(.isr_vector)
 <LI><a href="#[7]">DebugMon_Handler</a> from zf_common_vector.o(.text.DebugMon_Handler) referenced from startup_mimxrt1064.o(.isr_vector)
 <LI><a href="#[a8]">DefaultISR</a> from startup_mimxrt1064.o(.text) referenced from fsl_csi.o(.data.s_csiIsr)
 <LI><a href="#[a8]">DefaultISR</a> from startup_mimxrt1064.o(.text) referenced from fsl_flexcan.o(.data.s_flexcanIsr)
 <LI><a href="#[a8]">DefaultISR</a> from startup_mimxrt1064.o(.text) referenced from fsl_lpuart.o(.data.s_lpuartIsr)
 <LI><a href="#[a8]">DefaultISR</a> from startup_mimxrt1064.o(.text) referenced from fsl_usdhc.o(.data.s_usdhcIsr)
 <LI><a href="#[a8]">DefaultISR</a> from startup_mimxrt1064.o(.text) referenced 81 times from startup_mimxrt1064.o(.isr_vector)
 <LI><a href="#[8b]">ENC1_IRQHandler</a> from startup_mimxrt1064.o(.text) referenced from startup_mimxrt1064.o(.isr_vector)
 <LI><a href="#[8c]">ENC2_IRQHandler</a> from startup_mimxrt1064.o(.text) referenced from startup_mimxrt1064.o(.isr_vector)
 <LI><a href="#[8d]">ENC3_IRQHandler</a> from startup_mimxrt1064.o(.text) referenced from startup_mimxrt1064.o(.isr_vector)
 <LI><a href="#[8e]">ENC4_IRQHandler</a> from startup_mimxrt1064.o(.text) referenced from startup_mimxrt1064.o(.isr_vector)
 <LI><a href="#[dc]">ENET2_1588_Timer_DriverIRQHandler</a> from fsl_enet.o(.text.ENET2_1588_Timer_DriverIRQHandler) referenced from startup_mimxrt1064.o(.text)
 <LI><a href="#[a3]">ENET2_1588_Timer_IRQHandler</a> from startup_mimxrt1064.o(.text) referenced from startup_mimxrt1064.o(.isr_vector)
 <LI><a href="#[db]">ENET2_DriverIRQHandler</a> from fsl_enet.o(.text.ENET2_DriverIRQHandler) referenced from startup_mimxrt1064.o(.text)
 <LI><a href="#[a2]">ENET2_IRQHandler</a> from startup_mimxrt1064.o(.text) referenced from startup_mimxrt1064.o(.isr_vector)
 <LI><a href="#[da]">ENET_1588_Timer_DriverIRQHandler</a> from fsl_enet.o(.text.ENET_1588_Timer_DriverIRQHandler) referenced from startup_mimxrt1064.o(.text)
 <LI><a href="#[7d]">ENET_1588_Timer_IRQHandler</a> from startup_mimxrt1064.o(.text) referenced from startup_mimxrt1064.o(.isr_vector)
 <LI><a href="#[d9]">ENET_DriverIRQHandler</a> from fsl_enet.o(.text.ENET_DriverIRQHandler) referenced from startup_mimxrt1064.o(.text)
 <LI><a href="#[7c]">ENET_IRQHandler</a> from startup_mimxrt1064.o(.text) referenced from startup_mimxrt1064.o(.isr_vector)
 <LI><a href="#[68]">EWM_IRQHandler</a> from startup_mimxrt1064.o(.text) referenced from startup_mimxrt1064.o(.isr_vector)
 <LI><a href="#[d3]">FLEXIO1_DriverIRQHandler</a> from fsl_flexio.o(.text.FLEXIO1_DriverIRQHandler) referenced from startup_mimxrt1064.o(.text)
 <LI><a href="#[64]">FLEXIO1_IRQHandler</a> from startup_mimxrt1064.o(.text) referenced from startup_mimxrt1064.o(.isr_vector)
 <LI><a href="#[d4]">FLEXIO2_DriverIRQHandler</a> from fsl_flexio.o(.text.FLEXIO2_DriverIRQHandler) referenced from startup_mimxrt1064.o(.text)
 <LI><a href="#[65]">FLEXIO2_IRQHandler</a> from startup_mimxrt1064.o(.text) referenced from startup_mimxrt1064.o(.isr_vector)
 <LI><a href="#[de]">FLEXIO3_DriverIRQHandler</a> from fsl_flexio.o(.text.FLEXIO3_DriverIRQHandler) referenced from startup_mimxrt1064.o(.text)
 <LI><a href="#[a6]">FLEXIO3_IRQHandler</a> from startup_mimxrt1064.o(.text) referenced from startup_mimxrt1064.o(.isr_vector)
 <LI><a href="#[30]">FLEXRAM_IRQHandler</a> from startup_mimxrt1064.o(.text) referenced from startup_mimxrt1064.o(.isr_vector)
 <LI><a href="#[d5]">FLEXSPI2_DriverIRQHandler</a> from startup_mimxrt1064.o(.text) referenced from startup_mimxrt1064.o(.text)
 <LI><a href="#[75]">FLEXSPI2_IRQHandler</a> from startup_mimxrt1064.o(.text) referenced from startup_mimxrt1064.o(.isr_vector)
 <LI><a href="#[d6]">FLEXSPI_DriverIRQHandler</a> from startup_mimxrt1064.o(.text) referenced from startup_mimxrt1064.o(.text)
 <LI><a href="#[76]">FLEXSPI_IRQHandler</a> from startup_mimxrt1064.o(.text) referenced from startup_mimxrt1064.o(.isr_vector)
 <LI><a href="#[6b]">GPC_IRQHandler</a> from startup_mimxrt1064.o(.text) referenced from startup_mimxrt1064.o(.isr_vector)
 <LI><a href="#[51]">GPIO10_IRQHandler</a> from startup_mimxrt1064.o(.text) referenced from startup_mimxrt1064.o(.isr_vector)
 <LI><a href="#[5a]">GPIO1_Combined_0_15_IRQHandler</a> from isr.o(.text.GPIO1_Combined_0_15_IRQHandler) referenced from startup_mimxrt1064.o(.isr_vector)
 <LI><a href="#[5b]">GPIO1_Combined_16_31_IRQHandler</a> from isr.o(.text.GPIO1_Combined_16_31_IRQHandler) referenced from startup_mimxrt1064.o(.isr_vector)
 <LI><a href="#[52]">GPIO1_INT0_IRQHandler</a> from startup_mimxrt1064.o(.text) referenced from startup_mimxrt1064.o(.isr_vector)
 <LI><a href="#[53]">GPIO1_INT1_IRQHandler</a> from startup_mimxrt1064.o(.text) referenced from startup_mimxrt1064.o(.isr_vector)
 <LI><a href="#[54]">GPIO1_INT2_IRQHandler</a> from startup_mimxrt1064.o(.text) referenced from startup_mimxrt1064.o(.isr_vector)
 <LI><a href="#[55]">GPIO1_INT3_IRQHandler</a> from startup_mimxrt1064.o(.text) referenced from startup_mimxrt1064.o(.isr_vector)
 <LI><a href="#[56]">GPIO1_INT4_IRQHandler</a> from startup_mimxrt1064.o(.text) referenced from startup_mimxrt1064.o(.isr_vector)
 <LI><a href="#[57]">GPIO1_INT5_IRQHandler</a> from startup_mimxrt1064.o(.text) referenced from startup_mimxrt1064.o(.isr_vector)
 <LI><a href="#[58]">GPIO1_INT6_IRQHandler</a> from startup_mimxrt1064.o(.text) referenced from startup_mimxrt1064.o(.isr_vector)
 <LI><a href="#[59]">GPIO1_INT7_IRQHandler</a> from startup_mimxrt1064.o(.text) referenced from startup_mimxrt1064.o(.isr_vector)
 <LI><a href="#[5c]">GPIO2_Combined_0_15_IRQHandler</a> from isr.o(.text.GPIO2_Combined_0_15_IRQHandler) referenced from startup_mimxrt1064.o(.isr_vector)
 <LI><a href="#[5d]">GPIO2_Combined_16_31_IRQHandler</a> from isr.o(.text.GPIO2_Combined_16_31_IRQHandler) referenced from startup_mimxrt1064.o(.isr_vector)
 <LI><a href="#[5e]">GPIO3_Combined_0_15_IRQHandler</a> from isr.o(.text.GPIO3_Combined_0_15_IRQHandler) referenced from startup_mimxrt1064.o(.isr_vector)
 <LI><a href="#[5f]">GPIO3_Combined_16_31_IRQHandler</a> from startup_mimxrt1064.o(.text) referenced from startup_mimxrt1064.o(.isr_vector)
 <LI><a href="#[60]">GPIO4_Combined_0_15_IRQHandler</a> from startup_mimxrt1064.o(.text) referenced from startup_mimxrt1064.o(.isr_vector)
 <LI><a href="#[61]">GPIO4_Combined_16_31_IRQHandler</a> from startup_mimxrt1064.o(.text) referenced from startup_mimxrt1064.o(.isr_vector)
 <LI><a href="#[62]">GPIO5_Combined_0_15_IRQHandler</a> from startup_mimxrt1064.o(.text) referenced from startup_mimxrt1064.o(.isr_vector)
 <LI><a href="#[63]">GPIO5_Combined_16_31_IRQHandler</a> from startup_mimxrt1064.o(.text) referenced from startup_mimxrt1064.o(.isr_vector)
 <LI><a href="#[a7]">GPIO6_7_8_9_IRQHandler</a> from startup_mimxrt1064.o(.text) referenced from startup_mimxrt1064.o(.isr_vector)
 <LI><a href="#[33]">GPR_IRQ_IRQHandler</a> from startup_mimxrt1064.o(.text) referenced from startup_mimxrt1064.o(.isr_vector)
 <LI><a href="#[6e]">GPT1_IRQHandler</a> from startup_mimxrt1064.o(.text) referenced from startup_mimxrt1064.o(.isr_vector)
 <LI><a href="#[6f]">GPT2_IRQHandler</a> from startup_mimxrt1064.o(.text) referenced from startup_mimxrt1064.o(.isr_vector)
 <LI><a href="#[e7]">HAL_UartReceiveBlocking</a> from fsl_adapter_lpuart.o(.text.HAL_UartReceiveBlocking) referenced 2 times from fsl_debug_console.o(.text.DbgConsole_Init)
 <LI><a href="#[e6]">HAL_UartSendBlocking</a> from fsl_adapter_lpuart.o(.text.HAL_UartSendBlocking) referenced 2 times from fsl_debug_console.o(.text.DbgConsole_Init)
 <LI><a href="#[2]">HardFault_Handler</a> from zf_common_vector.o(.text.HardFault_Handler) referenced from startup_mimxrt1064.o(.isr_vector)
 <LI><a href="#[2]">HardFault_Handler</a> from zf_common_vector.o(.text.HardFault_Handler) referenced from startup_mimxrt1064.o(.text)
 <LI><a href="#[31]">KPP_IRQHandler</a> from startup_mimxrt1064.o(.text) referenced from startup_mimxrt1064.o(.isr_vector)
 <LI><a href="#[34]">LCDIF_IRQHandler</a> from startup_mimxrt1064.o(.text) referenced from startup_mimxrt1064.o(.isr_vector)
 <LI><a href="#[c4]">LPI2C1_DriverIRQHandler</a> from fsl_lpi2c.o(.text.LPI2C1_DriverIRQHandler) referenced from startup_mimxrt1064.o(.text)
 <LI><a href="#[26]">LPI2C1_IRQHandler</a> from startup_mimxrt1064.o(.text) referenced from startup_mimxrt1064.o(.isr_vector)
 <LI><a href="#[c5]">LPI2C2_DriverIRQHandler</a> from fsl_lpi2c.o(.text.LPI2C2_DriverIRQHandler) referenced from startup_mimxrt1064.o(.text)
 <LI><a href="#[27]">LPI2C2_IRQHandler</a> from startup_mimxrt1064.o(.text) referenced from startup_mimxrt1064.o(.isr_vector)
 <LI><a href="#[c6]">LPI2C3_DriverIRQHandler</a> from fsl_lpi2c.o(.text.LPI2C3_DriverIRQHandler) referenced from startup_mimxrt1064.o(.text)
 <LI><a href="#[28]">LPI2C3_IRQHandler</a> from startup_mimxrt1064.o(.text) referenced from startup_mimxrt1064.o(.isr_vector)
 <LI><a href="#[c7]">LPI2C4_DriverIRQHandler</a> from fsl_lpi2c.o(.text.LPI2C4_DriverIRQHandler) referenced from startup_mimxrt1064.o(.text)
 <LI><a href="#[29]">LPI2C4_IRQHandler</a> from startup_mimxrt1064.o(.text) referenced from startup_mimxrt1064.o(.isr_vector)
 <LI><a href="#[c8]">LPSPI1_DriverIRQHandler</a> from fsl_lpspi.o(.text.LPSPI1_DriverIRQHandler) referenced from startup_mimxrt1064.o(.text)
 <LI><a href="#[2a]">LPSPI1_IRQHandler</a> from startup_mimxrt1064.o(.text) referenced from startup_mimxrt1064.o(.isr_vector)
 <LI><a href="#[c9]">LPSPI2_DriverIRQHandler</a> from fsl_lpspi.o(.text.LPSPI2_DriverIRQHandler) referenced from startup_mimxrt1064.o(.text)
 <LI><a href="#[2b]">LPSPI2_IRQHandler</a> from startup_mimxrt1064.o(.text) referenced from startup_mimxrt1064.o(.isr_vector)
 <LI><a href="#[ca]">LPSPI3_DriverIRQHandler</a> from fsl_lpspi.o(.text.LPSPI3_DriverIRQHandler) referenced from startup_mimxrt1064.o(.text)
 <LI><a href="#[2c]">LPSPI3_IRQHandler</a> from startup_mimxrt1064.o(.text) referenced from startup_mimxrt1064.o(.isr_vector)
 <LI><a href="#[cb]">LPSPI4_DriverIRQHandler</a> from fsl_lpspi.o(.text.LPSPI4_DriverIRQHandler) referenced from startup_mimxrt1064.o(.text)
 <LI><a href="#[2d]">LPSPI4_IRQHandler</a> from startup_mimxrt1064.o(.text) referenced from startup_mimxrt1064.o(.isr_vector)
 <LI><a href="#[bc]">LPUART1_DriverIRQHandler</a> from fsl_lpuart.o(.text.LPUART1_DriverIRQHandler) referenced from startup_mimxrt1064.o(.text)
 <LI><a href="#[1e]">LPUART1_IRQHandler</a> from isr.o(.text.LPUART1_IRQHandler) referenced from startup_mimxrt1064.o(.isr_vector)
 <LI><a href="#[bd]">LPUART2_DriverIRQHandler</a> from fsl_lpuart.o(.text.LPUART2_DriverIRQHandler) referenced from startup_mimxrt1064.o(.text)
 <LI><a href="#[1f]">LPUART2_IRQHandler</a> from isr.o(.text.LPUART2_IRQHandler) referenced from startup_mimxrt1064.o(.isr_vector)
 <LI><a href="#[be]">LPUART3_DriverIRQHandler</a> from fsl_lpuart.o(.text.LPUART3_DriverIRQHandler) referenced from startup_mimxrt1064.o(.text)
 <LI><a href="#[20]">LPUART3_IRQHandler</a> from isr.o(.text.LPUART3_IRQHandler) referenced from startup_mimxrt1064.o(.isr_vector)
 <LI><a href="#[bf]">LPUART4_DriverIRQHandler</a> from fsl_lpuart.o(.text.LPUART4_DriverIRQHandler) referenced from startup_mimxrt1064.o(.text)
 <LI><a href="#[21]">LPUART4_IRQHandler</a> from isr.o(.text.LPUART4_IRQHandler) referenced from startup_mimxrt1064.o(.isr_vector)
 <LI><a href="#[c0]">LPUART5_DriverIRQHandler</a> from fsl_lpuart.o(.text.LPUART5_DriverIRQHandler) referenced from startup_mimxrt1064.o(.text)
 <LI><a href="#[22]">LPUART5_IRQHandler</a> from isr.o(.text.LPUART5_IRQHandler) referenced from startup_mimxrt1064.o(.isr_vector)
 <LI><a href="#[c1]">LPUART6_DriverIRQHandler</a> from fsl_lpuart.o(.text.LPUART6_DriverIRQHandler) referenced from startup_mimxrt1064.o(.text)
 <LI><a href="#[23]">LPUART6_IRQHandler</a> from isr.o(.text.LPUART6_IRQHandler) referenced from startup_mimxrt1064.o(.isr_vector)
 <LI><a href="#[c2]">LPUART7_DriverIRQHandler</a> from fsl_lpuart.o(.text.LPUART7_DriverIRQHandler) referenced from startup_mimxrt1064.o(.text)
 <LI><a href="#[24]">LPUART7_IRQHandler</a> from startup_mimxrt1064.o(.text) referenced from startup_mimxrt1064.o(.isr_vector)
 <LI><a href="#[c3]">LPUART8_DriverIRQHandler</a> from fsl_lpuart.o(.text.LPUART8_DriverIRQHandler) referenced from startup_mimxrt1064.o(.text)
 <LI><a href="#[25]">LPUART8_IRQHandler</a> from isr.o(.text.LPUART8_IRQHandler) referenced from startup_mimxrt1064.o(.isr_vector)
 <LI><a href="#[3]">MemManage_Handler</a> from zf_common_vector.o(.text.MemManage_Handler) referenced from startup_mimxrt1064.o(.isr_vector)
 <LI><a href="#[1]">NMI_Handler</a> from zf_common_vector.o(.text.NMI_Handler) referenced from startup_mimxrt1064.o(.isr_vector)
 <LI><a href="#[1]">NMI_Handler</a> from zf_common_vector.o(.text.NMI_Handler) referenced from startup_mimxrt1064.o(.text)
 <LI><a href="#[84]">PIT_IRQHandler</a> from isr.o(.text.PIT_IRQHandler) referenced from startup_mimxrt1064.o(.isr_vector)
 <LI><a href="#[47]">PMU_EVENT_IRQHandler</a> from startup_mimxrt1064.o(.text) referenced from startup_mimxrt1064.o(.isr_vector)
 <LI><a href="#[70]">PWM1_0_IRQHandler</a> from startup_mimxrt1064.o(.text) referenced from startup_mimxrt1064.o(.isr_vector)
 <LI><a href="#[71]">PWM1_1_IRQHandler</a> from startup_mimxrt1064.o(.text) referenced from startup_mimxrt1064.o(.isr_vector)
 <LI><a href="#[72]">PWM1_2_IRQHandler</a> from startup_mimxrt1064.o(.text) referenced from startup_mimxrt1064.o(.isr_vector)
 <LI><a href="#[73]">PWM1_3_IRQHandler</a> from startup_mimxrt1064.o(.text) referenced from startup_mimxrt1064.o(.isr_vector)
 <LI><a href="#[74]">PWM1_FAULT_IRQHandler</a> from startup_mimxrt1064.o(.text) referenced from startup_mimxrt1064.o(.isr_vector)
 <LI><a href="#[93]">PWM2_0_IRQHandler</a> from startup_mimxrt1064.o(.text) referenced from startup_mimxrt1064.o(.isr_vector)
 <LI><a href="#[94]">PWM2_1_IRQHandler</a> from startup_mimxrt1064.o(.text) referenced from startup_mimxrt1064.o(.isr_vector)
 <LI><a href="#[95]">PWM2_2_IRQHandler</a> from startup_mimxrt1064.o(.text) referenced from startup_mimxrt1064.o(.isr_vector)
 <LI><a href="#[96]">PWM2_3_IRQHandler</a> from startup_mimxrt1064.o(.text) referenced from startup_mimxrt1064.o(.isr_vector)
 <LI><a href="#[97]">PWM2_FAULT_IRQHandler</a> from startup_mimxrt1064.o(.text) referenced from startup_mimxrt1064.o(.isr_vector)
 <LI><a href="#[98]">PWM3_0_IRQHandler</a> from startup_mimxrt1064.o(.text) referenced from startup_mimxrt1064.o(.isr_vector)
 <LI><a href="#[99]">PWM3_1_IRQHandler</a> from startup_mimxrt1064.o(.text) referenced from startup_mimxrt1064.o(.isr_vector)
 <LI><a href="#[9a]">PWM3_2_IRQHandler</a> from startup_mimxrt1064.o(.text) referenced from startup_mimxrt1064.o(.isr_vector)
 <LI><a href="#[9b]">PWM3_3_IRQHandler</a> from startup_mimxrt1064.o(.text) referenced from startup_mimxrt1064.o(.isr_vector)
 <LI><a href="#[9c]">PWM3_FAULT_IRQHandler</a> from startup_mimxrt1064.o(.text) referenced from startup_mimxrt1064.o(.isr_vector)
 <LI><a href="#[9d]">PWM4_0_IRQHandler</a> from startup_mimxrt1064.o(.text) referenced from startup_mimxrt1064.o(.isr_vector)
 <LI><a href="#[9e]">PWM4_1_IRQHandler</a> from startup_mimxrt1064.o(.text) referenced from startup_mimxrt1064.o(.isr_vector)
 <LI><a href="#[9f]">PWM4_2_IRQHandler</a> from startup_mimxrt1064.o(.text) referenced from startup_mimxrt1064.o(.isr_vector)
 <LI><a href="#[a0]">PWM4_3_IRQHandler</a> from startup_mimxrt1064.o(.text) referenced from startup_mimxrt1064.o(.isr_vector)
 <LI><a href="#[a1]">PWM4_FAULT_IRQHandler</a> from startup_mimxrt1064.o(.text) referenced from startup_mimxrt1064.o(.isr_vector)
 <LI><a href="#[36]">PXP_IRQHandler</a> from startup_mimxrt1064.o(.text) referenced from startup_mimxrt1064.o(.isr_vector)
 <LI><a href="#[8]">PendSV_Handler</a> from zf_common_vector.o(.text.PendSV_Handler) referenced from startup_mimxrt1064.o(.isr_vector)
 <LI><a href="#[8]">PendSV_Handler</a> from zf_common_vector.o(.text.PendSV_Handler) referenced from startup_mimxrt1064.o(.text)
 <LI><a href="#[67]">RTWDOG_IRQHandler</a> from startup_mimxrt1064.o(.text) referenced from startup_mimxrt1064.o(.isr_vector)
 <LI><a href="#[6d]">Reserved115_IRQHandler</a> from startup_mimxrt1064.o(.text) referenced from startup_mimxrt1064.o(.isr_vector)
 <LI><a href="#[89]">Reserved143_IRQHandler</a> from startup_mimxrt1064.o(.text) referenced from startup_mimxrt1064.o(.isr_vector)
 <LI><a href="#[8a]">Reserved144_IRQHandler</a> from startup_mimxrt1064.o(.text) referenced from startup_mimxrt1064.o(.isr_vector)
 <LI><a href="#[a5]">Reserved171_IRQHandler</a> from startup_mimxrt1064.o(.text) referenced from startup_mimxrt1064.o(.isr_vector)
 <LI><a href="#[3e]">Reserved68_IRQHandler</a> from startup_mimxrt1064.o(.text) referenced from startup_mimxrt1064.o(.isr_vector)
 <LI><a href="#[48]">Reserved78_IRQHandler</a> from startup_mimxrt1064.o(.text) referenced from startup_mimxrt1064.o(.isr_vector)
 <LI><a href="#[50]">Reserved86_IRQHandler</a> from startup_mimxrt1064.o(.text) referenced from startup_mimxrt1064.o(.isr_vector)
 <LI><a href="#[0]">Reset_Handler</a> from startup_mimxrt1064.o(.text) referenced from startup_mimxrt1064.o(.isr_vector)
 <LI><a href="#[ce]">SAI1_DriverIRQHandler</a> from fsl_sai.o(.text.SAI1_DriverIRQHandler) referenced from startup_mimxrt1064.o(.text)
 <LI><a href="#[42]">SAI1_IRQHandler</a> from startup_mimxrt1064.o(.text) referenced from startup_mimxrt1064.o(.isr_vector)
 <LI><a href="#[cf]">SAI2_DriverIRQHandler</a> from fsl_sai.o(.text.SAI2_DriverIRQHandler) referenced from startup_mimxrt1064.o(.text)
 <LI><a href="#[43]">SAI2_IRQHandler</a> from startup_mimxrt1064.o(.text) referenced from startup_mimxrt1064.o(.isr_vector)
 <LI><a href="#[d0]">SAI3_RX_DriverIRQHandler</a> from fsl_sai.o(.text.SAI3_RX_DriverIRQHandler) referenced from startup_mimxrt1064.o(.text)
 <LI><a href="#[44]">SAI3_RX_IRQHandler</a> from startup_mimxrt1064.o(.text) referenced from startup_mimxrt1064.o(.isr_vector)
 <LI><a href="#[d1]">SAI3_TX_DriverIRQHandler</a> from fsl_sai.o(.text.SAI3_TX_DriverIRQHandler) referenced from startup_mimxrt1064.o(.text)
 <LI><a href="#[45]">SAI3_TX_IRQHandler</a> from startup_mimxrt1064.o(.text) referenced from startup_mimxrt1064.o(.isr_vector)
 <LI><a href="#[77]">SEMC_IRQHandler</a> from startup_mimxrt1064.o(.text) referenced from startup_mimxrt1064.o(.isr_vector)
 <LI><a href="#[40]">SJC_IRQHandler</a> from startup_mimxrt1064.o(.text) referenced from startup_mimxrt1064.o(.isr_vector)
 <LI><a href="#[38]">SNVS_HP_WRAPPER_IRQHandler</a> from startup_mimxrt1064.o(.text) referenced from startup_mimxrt1064.o(.isr_vector)
 <LI><a href="#[39]">SNVS_HP_WRAPPER_TZ_IRQHandler</a> from startup_mimxrt1064.o(.text) referenced from startup_mimxrt1064.o(.isr_vector)
 <LI><a href="#[3a]">SNVS_LP_WRAPPER_IRQHandler</a> from startup_mimxrt1064.o(.text) referenced from startup_mimxrt1064.o(.isr_vector)
 <LI><a href="#[d2]">SPDIF_DriverIRQHandler</a> from fsl_spdif.o(.text.SPDIF_DriverIRQHandler) referenced from startup_mimxrt1064.o(.text)
 <LI><a href="#[46]">SPDIF_IRQHandler</a> from startup_mimxrt1064.o(.text) referenced from startup_mimxrt1064.o(.isr_vector)
 <LI><a href="#[6c]">SRC_IRQHandler</a> from startup_mimxrt1064.o(.text) referenced from startup_mimxrt1064.o(.isr_vector)
 <LI><a href="#[6]">SVC_Handler</a> from zf_common_vector.o(.text.SVC_Handler) referenced from startup_mimxrt1064.o(.isr_vector)
 <LI><a href="#[6]">SVC_Handler</a> from zf_common_vector.o(.text.SVC_Handler) referenced from startup_mimxrt1064.o(.text)
 <LI><a href="#[9]">SysTick_Handler</a> from timer.o(.text.SysTick_Handler) referenced from startup_mimxrt1064.o(.isr_vector)
 <LI><a href="#[9]">SysTick_Handler</a> from timer.o(.text.SysTick_Handler) referenced from startup_mimxrt1064.o(.text)
 <LI><a href="#[a9]">SystemInit</a> from system_mimxrt1064.o(.text.SystemInit) referenced from startup_mimxrt1064.o(.text)
 <LI><a href="#[49]">TEMP_LOW_HIGH_IRQHandler</a> from startup_mimxrt1064.o(.text) referenced from startup_mimxrt1064.o(.isr_vector)
 <LI><a href="#[4a]">TEMP_PANIC_IRQHandler</a> from startup_mimxrt1064.o(.text) referenced from startup_mimxrt1064.o(.isr_vector)
 <LI><a href="#[8f]">TMR1_IRQHandler</a> from startup_mimxrt1064.o(.text) referenced from startup_mimxrt1064.o(.isr_vector)
 <LI><a href="#[90]">TMR2_IRQHandler</a> from startup_mimxrt1064.o(.text) referenced from startup_mimxrt1064.o(.isr_vector)
 <LI><a href="#[91]">TMR3_IRQHandler</a> from startup_mimxrt1064.o(.text) referenced from startup_mimxrt1064.o(.isr_vector)
 <LI><a href="#[92]">TMR4_IRQHandler</a> from startup_mimxrt1064.o(.text) referenced from startup_mimxrt1064.o(.isr_vector)
 <LI><a href="#[3f]">TRNG_IRQHandler</a> from startup_mimxrt1064.o(.text) referenced from startup_mimxrt1064.o(.isr_vector)
 <LI><a href="#[32]">TSC_DIG_IRQHandler</a> from startup_mimxrt1064.o(.text) referenced from startup_mimxrt1064.o(.isr_vector)
 <LI><a href="#[7b]">USB_OTG1_IRQHandler</a> from zf_driver_usb_cdc.o(.text.USB_OTG1_IRQHandler) referenced from startup_mimxrt1064.o(.isr_vector)
 <LI><a href="#[7a]">USB_OTG2_IRQHandler</a> from zf_driver_usb_cdc.o(.text.USB_OTG2_IRQHandler) referenced from startup_mimxrt1064.o(.isr_vector)
 <LI><a href="#[4b]">USB_PHY1_IRQHandler</a> from startup_mimxrt1064.o(.text) referenced from startup_mimxrt1064.o(.isr_vector)
 <LI><a href="#[4c]">USB_PHY2_IRQHandler</a> from startup_mimxrt1064.o(.text) referenced from startup_mimxrt1064.o(.isr_vector)
 <LI><a href="#[d7]">USDHC1_DriverIRQHandler</a> from fsl_usdhc.o(.text.USDHC1_DriverIRQHandler) referenced from startup_mimxrt1064.o(.text)
 <LI><a href="#[78]">USDHC1_IRQHandler</a> from startup_mimxrt1064.o(.text) referenced from startup_mimxrt1064.o(.isr_vector)
 <LI><a href="#[d8]">USDHC2_DriverIRQHandler</a> from fsl_usdhc.o(.text.USDHC2_DriverIRQHandler) referenced from startup_mimxrt1064.o(.text)
 <LI><a href="#[79]">USDHC2_IRQHandler</a> from startup_mimxrt1064.o(.text) referenced from startup_mimxrt1064.o(.isr_vector)
 <LI><a href="#[5]">UsageFault_Handler</a> from zf_common_vector.o(.text.UsageFault_Handler) referenced from startup_mimxrt1064.o(.isr_vector)
 <LI><a href="#[66]">WDOG1_IRQHandler</a> from startup_mimxrt1064.o(.text) referenced from startup_mimxrt1064.o(.isr_vector)
 <LI><a href="#[37]">WDOG2_IRQHandler</a> from startup_mimxrt1064.o(.text) referenced from startup_mimxrt1064.o(.isr_vector)
 <LI><a href="#[7e]">XBAR1_IRQ_0_1_IRQHandler</a> from startup_mimxrt1064.o(.text) referenced from startup_mimxrt1064.o(.isr_vector)
 <LI><a href="#[7f]">XBAR1_IRQ_2_3_IRQHandler</a> from startup_mimxrt1064.o(.text) referenced from startup_mimxrt1064.o(.isr_vector)
 <LI><a href="#[f4]">_GLOBAL__sub_I_audio_capture.cpp</a> from audio_capture.o(.text._GLOBAL__sub_I_audio_capture.cpp) referenced from audio_capture.o(.init_array)
 <LI><a href="#[e8]">KWS_MFCC::~KWS_MFCC()</a> from kws_mfcc.o(.text._ZN8KWS_MFCCD2Ev) referenced 2 times from audio_capture.o(.text._GLOBAL__sub_I_audio_capture.cpp)
 <LI><a href="#[aa]">__main</a> from __main.o(!!!main) referenced from startup_mimxrt1064.o(.text)
 <LI><a href="#[e5]">_get_lc_ctype</a> from lc_ctype_c.o(locale$$code) referenced from rt_ctype_table.o(.text)
 <LI><a href="#[e2]">_printf_input_char</a> from _printf_char_common.o(.text) referenced from _printf_char_common.o(.text)
 <LI><a href="#[e1]">_sbackspace</a> from _sgetc.o(.text) referenced from __0sscanf.o(.text)
 <LI><a href="#[e3]">_scanf_char_input</a> from scanf_char.o(.text) referenced from scanf_char.o(.text)
 <LI><a href="#[e0]">_sgetc</a> from _sgetc.o(.text) referenced from __0sscanf.o(.text)
 <LI><a href="#[df]">_sputc</a> from _sputc.o(.text) referenced from __2sprintf.o(.text)
 <LI><a href="#[f5]">abort</a> from abort.o(.text) referenced from cxa_default_handlers.cpp.o(.data.__cxa_terminate_handler)
 <LI><a href="#[ea]">arm_rfft_1024_fast_init_f32</a> from transformfunctions.o(.text.arm_rfft_1024_fast_init_f32) referenced 2 times from transformfunctions.o(.text.arm_rfft_fast_init_f32)
 <LI><a href="#[ef]">arm_rfft_128_fast_init_f32</a> from transformfunctions.o(.text.arm_rfft_128_fast_init_f32) referenced 2 times from transformfunctions.o(.text.arm_rfft_fast_init_f32)
 <LI><a href="#[ec]">arm_rfft_2048_fast_init_f32</a> from transformfunctions.o(.text.arm_rfft_2048_fast_init_f32) referenced 2 times from transformfunctions.o(.text.arm_rfft_fast_init_f32)
 <LI><a href="#[eb]">arm_rfft_256_fast_init_f32</a> from transformfunctions.o(.text.arm_rfft_256_fast_init_f32) referenced 2 times from transformfunctions.o(.text.arm_rfft_fast_init_f32)
 <LI><a href="#[ed]">arm_rfft_32_fast_init_f32</a> from transformfunctions.o(.text.arm_rfft_32_fast_init_f32) referenced 2 times from transformfunctions.o(.text.arm_rfft_fast_init_f32)
 <LI><a href="#[f0]">arm_rfft_4096_fast_init_f32</a> from transformfunctions.o(.text.arm_rfft_4096_fast_init_f32) referenced 2 times from transformfunctions.o(.text.arm_rfft_fast_init_f32)
 <LI><a href="#[ee]">arm_rfft_512_fast_init_f32</a> from transformfunctions.o(.text.arm_rfft_512_fast_init_f32) referenced 2 times from transformfunctions.o(.text.arm_rfft_fast_init_f32)
 <LI><a href="#[e9]">arm_rfft_64_fast_init_f32</a> from transformfunctions.o(.text.arm_rfft_64_fast_init_f32) referenced 2 times from transformfunctions.o(.text.arm_rfft_fast_init_f32)
 <LI><a href="#[f1]">debug_uart_str_output</a> from zf_common_debug.o(.text.debug_uart_str_output) referenced 2 times from zf_common_debug.o(.text.debug_init)
 <LI><a href="#[f3]">ips200_clear</a> from zf_device_ips200.o(.text.ips200_clear) referenced 2 times from zf_device_ips200.o(.text.ips200_init)
 <LI><a href="#[f2]">ips200_show_string</a> from zf_device_ips200.o(.text.ips200_show_string) referenced 2 times from zf_device_ips200.o(.text.ips200_init)
 <LI><a href="#[e4]">isspace</a> from isspace.o(.text) referenced from scanf_char.o(.text)
 <LI><a href="#[f6]">type_default_callback</a> from zf_device_type.o(.text.type_default_callback) referenced from zf_device_type.o(.data.camera_uart_handler)
 <LI><a href="#[f6]">type_default_callback</a> from zf_device_type.o(.text.type_default_callback) referenced from zf_device_type.o(.data.flexio_camera_vsync_handler)
 <LI><a href="#[f6]">type_default_callback</a> from zf_device_type.o(.text.type_default_callback) referenced from zf_device_type.o(.data.wireless_module_spi_handler)
 <LI><a href="#[f6]">type_default_callback</a> from zf_device_type.o(.text.type_default_callback) referenced from zf_device_type.o(.data.wireless_module_uart_handler)
</UL>
<P>
<H3>
Global Symbols
</H3>
<P><STRONG><a name="[aa]"></a>__main</STRONG> (Thumb, 8 bytes, Stack size 0 bytes, __main.o(!!!main))
<BR><BR>[Calls]<UL><LI><a href="#[217]">&gt;&gt;</a>&nbsp;&nbsp;&nbsp;__scatterload
<LI><a href="#[218]">&gt;&gt;</a>&nbsp;&nbsp;&nbsp;__rt_entry (via Veneer)
</UL>
<BR>[Address Reference Count : 1]<UL><LI> startup_mimxrt1064.o(.text)
</UL>
<P><STRONG><a name="[217]"></a>__scatterload</STRONG> (Thumb, 0 bytes, Stack size unknown bytes, __scatter.o(!!!scatter))
<BR><BR>[Called By]<UL><LI><a href="#[aa]">&gt;&gt;</a>&nbsp;&nbsp;&nbsp;__main
</UL>

<P><STRONG><a name="[219]"></a>__scatterload_rt2</STRONG> (Thumb, 84 bytes, Stack size unknown bytes, __scatter.o(!!!scatter), UNUSED)
<BR><BR>[Calls]<UL><LI><a href="#[218]">&gt;&gt;</a>&nbsp;&nbsp;&nbsp;__rt_entry (via Veneer)
</UL>

<P><STRONG><a name="[21c]"></a>__scatterload_rt2_thumb_only</STRONG> (Thumb, 0 bytes, Stack size unknown bytes, __scatter.o(!!!scatter), UNUSED)

<P><STRONG><a name="[21d]"></a>__scatterload_loop</STRONG> (Thumb, 0 bytes, Stack size unknown bytes, __scatter.o(!!!scatter), UNUSED)

<P><STRONG><a name="[21a]"></a>__scatterload_copy</STRONG> (Thumb, 26 bytes, Stack size unknown bytes, __scatter_copy.o(!!handler_copy), UNUSED)
<BR><BR>[Calls]<UL><LI><a href="#[21a]">&gt;&gt;</a>&nbsp;&nbsp;&nbsp;__scatterload_copy
</UL>
<BR>[Called By]<UL><LI><a href="#[21a]">&gt;&gt;</a>&nbsp;&nbsp;&nbsp;__scatterload_copy
</UL>

<P><STRONG><a name="[21e]"></a>__scatterload_null</STRONG> (Thumb, 2 bytes, Stack size unknown bytes, __scatter.o(!!handler_null), UNUSED)

<P><STRONG><a name="[21f]"></a>__scatterload_zeroinit</STRONG> (Thumb, 28 bytes, Stack size unknown bytes, __scatter_zi.o(!!handler_zi), UNUSED)

<P><STRONG><a name="[0]"></a>Reset_Handler</STRONG> (Thumb, 104 bytes, Stack size unknown bytes, startup_mimxrt1064.o(.text))
<BR>[Address Reference Count : 1]<UL><LI> startup_mimxrt1064.o(.isr_vector)
</UL>
<P><STRONG><a name="[85]"></a>ACMP1_IRQHandler</STRONG> (Thumb, 4 bytes, Stack size unknown bytes, startup_mimxrt1064.o(.text))
<BR><BR>[Calls]<UL><LI><a href="#[a8]">&gt;&gt;</a>&nbsp;&nbsp;&nbsp;DefaultISR
</UL>
<BR>[Address Reference Count : 1]<UL><LI> startup_mimxrt1064.o(.isr_vector)
</UL>
<P><STRONG><a name="[86]"></a>ACMP2_IRQHandler</STRONG> (Thumb, 4 bytes, Stack size unknown bytes, startup_mimxrt1064.o(.text))
<BR>[Address Reference Count : 1]<UL><LI> startup_mimxrt1064.o(.isr_vector)
</UL>
<P><STRONG><a name="[87]"></a>ACMP3_IRQHandler</STRONG> (Thumb, 4 bytes, Stack size unknown bytes, startup_mimxrt1064.o(.text))
<BR>[Address Reference Count : 1]<UL><LI> startup_mimxrt1064.o(.isr_vector)
</UL>
<P><STRONG><a name="[88]"></a>ACMP4_IRQHandler</STRONG> (Thumb, 4 bytes, Stack size unknown bytes, startup_mimxrt1064.o(.text))
<BR>[Address Reference Count : 1]<UL><LI> startup_mimxrt1064.o(.isr_vector)
</UL>
<P><STRONG><a name="[4d]"></a>ADC1_IRQHandler</STRONG> (Thumb, 4 bytes, Stack size unknown bytes, startup_mimxrt1064.o(.text))
<BR>[Address Reference Count : 1]<UL><LI> startup_mimxrt1064.o(.isr_vector)
</UL>
<P><STRONG><a name="[4e]"></a>ADC2_IRQHandler</STRONG> (Thumb, 4 bytes, Stack size unknown bytes, startup_mimxrt1064.o(.text))
<BR>[Address Reference Count : 1]<UL><LI> startup_mimxrt1064.o(.isr_vector)
</UL>
<P><STRONG><a name="[83]"></a>ADC_ETC_ERROR_IRQ_IRQHandler</STRONG> (Thumb, 4 bytes, Stack size unknown bytes, startup_mimxrt1064.o(.text))
<BR>[Address Reference Count : 1]<UL><LI> startup_mimxrt1064.o(.isr_vector)
</UL>
<P><STRONG><a name="[80]"></a>ADC_ETC_IRQ0_IRQHandler</STRONG> (Thumb, 4 bytes, Stack size unknown bytes, startup_mimxrt1064.o(.text))
<BR>[Address Reference Count : 1]<UL><LI> startup_mimxrt1064.o(.isr_vector)
</UL>
<P><STRONG><a name="[81]"></a>ADC_ETC_IRQ1_IRQHandler</STRONG> (Thumb, 4 bytes, Stack size unknown bytes, startup_mimxrt1064.o(.text))
<BR>[Address Reference Count : 1]<UL><LI> startup_mimxrt1064.o(.isr_vector)
</UL>
<P><STRONG><a name="[82]"></a>ADC_ETC_IRQ2_IRQHandler</STRONG> (Thumb, 4 bytes, Stack size unknown bytes, startup_mimxrt1064.o(.text))
<BR>[Address Reference Count : 1]<UL><LI> startup_mimxrt1064.o(.isr_vector)
</UL>
<P><STRONG><a name="[41]"></a>BEE_IRQHandler</STRONG> (Thumb, 4 bytes, Stack size unknown bytes, startup_mimxrt1064.o(.text))
<BR>[Address Reference Count : 1]<UL><LI> startup_mimxrt1064.o(.isr_vector)
</UL>
<P><STRONG><a name="[69]"></a>CCM_1_IRQHandler</STRONG> (Thumb, 4 bytes, Stack size unknown bytes, startup_mimxrt1064.o(.text))
<BR>[Address Reference Count : 1]<UL><LI> startup_mimxrt1064.o(.isr_vector)
</UL>
<P><STRONG><a name="[6a]"></a>CCM_2_IRQHandler</STRONG> (Thumb, 4 bytes, Stack size unknown bytes, startup_mimxrt1064.o(.text))
<BR>[Address Reference Count : 1]<UL><LI> startup_mimxrt1064.o(.isr_vector)
</UL>
<P><STRONG><a name="[1d]"></a>CORE_IRQHandler</STRONG> (Thumb, 4 bytes, Stack size unknown bytes, startup_mimxrt1064.o(.text))
<BR>[Address Reference Count : 1]<UL><LI> startup_mimxrt1064.o(.isr_vector)
</UL>
<P><STRONG><a name="[3b]"></a>CSU_IRQHandler</STRONG> (Thumb, 4 bytes, Stack size unknown bytes, startup_mimxrt1064.o(.text))
<BR>[Address Reference Count : 1]<UL><LI> startup_mimxrt1064.o(.isr_vector)
</UL>
<P><STRONG><a name="[1b]"></a>CTI0_ERROR_IRQHandler</STRONG> (Thumb, 4 bytes, Stack size unknown bytes, startup_mimxrt1064.o(.text))
<BR>[Address Reference Count : 1]<UL><LI> startup_mimxrt1064.o(.isr_vector)
</UL>
<P><STRONG><a name="[1c]"></a>CTI1_ERROR_IRQHandler</STRONG> (Thumb, 4 bytes, Stack size unknown bytes, startup_mimxrt1064.o(.text))
<BR>[Address Reference Count : 1]<UL><LI> startup_mimxrt1064.o(.isr_vector)
</UL>
<P><STRONG><a name="[4f]"></a>DCDC_IRQHandler</STRONG> (Thumb, 4 bytes, Stack size unknown bytes, startup_mimxrt1064.o(.text))
<BR>[Address Reference Count : 1]<UL><LI> startup_mimxrt1064.o(.isr_vector)
</UL>
<P><STRONG><a name="[3c]"></a>DCP_IRQHandler</STRONG> (Thumb, 4 bytes, Stack size unknown bytes, startup_mimxrt1064.o(.text))
<BR>[Address Reference Count : 1]<UL><LI> startup_mimxrt1064.o(.isr_vector)
</UL>
<P><STRONG><a name="[3d]"></a>DCP_VMI_IRQHandler</STRONG> (Thumb, 4 bytes, Stack size unknown bytes, startup_mimxrt1064.o(.text))
<BR>[Address Reference Count : 1]<UL><LI> startup_mimxrt1064.o(.isr_vector)
</UL>
<P><STRONG><a name="[bb]"></a>DMA_ERROR_DriverIRQHandler</STRONG> (Thumb, 4 bytes, Stack size unknown bytes, startup_mimxrt1064.o(.text))
<BR>[Address Reference Count : 1]<UL><LI> startup_mimxrt1064.o(.text)
</UL>
<P><STRONG><a name="[a8]"></a>DefaultISR</STRONG> (Thumb, 4 bytes, Stack size unknown bytes, startup_mimxrt1064.o(.text))
<BR><BR>[Called By]<UL><LI><a href="#[85]">&gt;&gt;</a>&nbsp;&nbsp;&nbsp;ACMP1_IRQHandler
</UL>
<BR>[Address Reference Count : 5]<UL><LI> fsl_csi.o(.data.s_csiIsr)
<LI> fsl_flexcan.o(.data.s_flexcanIsr)
<LI> fsl_lpuart.o(.data.s_lpuartIsr)
<LI> fsl_usdhc.o(.data.s_usdhcIsr)
<LI> startup_mimxrt1064.o(.isr_vector)
</UL>
<P><STRONG><a name="[8b]"></a>ENC1_IRQHandler</STRONG> (Thumb, 4 bytes, Stack size unknown bytes, startup_mimxrt1064.o(.text))
<BR>[Address Reference Count : 1]<UL><LI> startup_mimxrt1064.o(.isr_vector)
</UL>
<P><STRONG><a name="[8c]"></a>ENC2_IRQHandler</STRONG> (Thumb, 4 bytes, Stack size unknown bytes, startup_mimxrt1064.o(.text))
<BR>[Address Reference Count : 1]<UL><LI> startup_mimxrt1064.o(.isr_vector)
</UL>
<P><STRONG><a name="[8d]"></a>ENC3_IRQHandler</STRONG> (Thumb, 4 bytes, Stack size unknown bytes, startup_mimxrt1064.o(.text))
<BR>[Address Reference Count : 1]<UL><LI> startup_mimxrt1064.o(.isr_vector)
</UL>
<P><STRONG><a name="[8e]"></a>ENC4_IRQHandler</STRONG> (Thumb, 4 bytes, Stack size unknown bytes, startup_mimxrt1064.o(.text))
<BR>[Address Reference Count : 1]<UL><LI> startup_mimxrt1064.o(.isr_vector)
</UL>
<P><STRONG><a name="[68]"></a>EWM_IRQHandler</STRONG> (Thumb, 4 bytes, Stack size unknown bytes, startup_mimxrt1064.o(.text))
<BR>[Address Reference Count : 1]<UL><LI> startup_mimxrt1064.o(.isr_vector)
</UL>
<P><STRONG><a name="[30]"></a>FLEXRAM_IRQHandler</STRONG> (Thumb, 4 bytes, Stack size unknown bytes, startup_mimxrt1064.o(.text))
<BR>[Address Reference Count : 1]<UL><LI> startup_mimxrt1064.o(.isr_vector)
</UL>
<P><STRONG><a name="[d5]"></a>FLEXSPI2_DriverIRQHandler</STRONG> (Thumb, 4 bytes, Stack size unknown bytes, startup_mimxrt1064.o(.text))
<BR>[Address Reference Count : 1]<UL><LI> startup_mimxrt1064.o(.text)
</UL>
<P><STRONG><a name="[d6]"></a>FLEXSPI_DriverIRQHandler</STRONG> (Thumb, 4 bytes, Stack size unknown bytes, startup_mimxrt1064.o(.text))
<BR>[Address Reference Count : 1]<UL><LI> startup_mimxrt1064.o(.text)
</UL>
<P><STRONG><a name="[6b]"></a>GPC_IRQHandler</STRONG> (Thumb, 4 bytes, Stack size unknown bytes, startup_mimxrt1064.o(.text))
<BR>[Address Reference Count : 1]<UL><LI> startup_mimxrt1064.o(.isr_vector)
</UL>
<P><STRONG><a name="[51]"></a>GPIO10_IRQHandler</STRONG> (Thumb, 4 bytes, Stack size unknown bytes, startup_mimxrt1064.o(.text))
<BR>[Address Reference Count : 1]<UL><LI> startup_mimxrt1064.o(.isr_vector)
</UL>
<P><STRONG><a name="[52]"></a>GPIO1_INT0_IRQHandler</STRONG> (Thumb, 4 bytes, Stack size unknown bytes, startup_mimxrt1064.o(.text))
<BR>[Address Reference Count : 1]<UL><LI> startup_mimxrt1064.o(.isr_vector)
</UL>
<P><STRONG><a name="[53]"></a>GPIO1_INT1_IRQHandler</STRONG> (Thumb, 4 bytes, Stack size unknown bytes, startup_mimxrt1064.o(.text))
<BR>[Address Reference Count : 1]<UL><LI> startup_mimxrt1064.o(.isr_vector)
</UL>
<P><STRONG><a name="[54]"></a>GPIO1_INT2_IRQHandler</STRONG> (Thumb, 4 bytes, Stack size unknown bytes, startup_mimxrt1064.o(.text))
<BR>[Address Reference Count : 1]<UL><LI> startup_mimxrt1064.o(.isr_vector)
</UL>
<P><STRONG><a name="[55]"></a>GPIO1_INT3_IRQHandler</STRONG> (Thumb, 4 bytes, Stack size unknown bytes, startup_mimxrt1064.o(.text))
<BR>[Address Reference Count : 1]<UL><LI> startup_mimxrt1064.o(.isr_vector)
</UL>
<P><STRONG><a name="[56]"></a>GPIO1_INT4_IRQHandler</STRONG> (Thumb, 4 bytes, Stack size unknown bytes, startup_mimxrt1064.o(.text))
<BR>[Address Reference Count : 1]<UL><LI> startup_mimxrt1064.o(.isr_vector)
</UL>
<P><STRONG><a name="[57]"></a>GPIO1_INT5_IRQHandler</STRONG> (Thumb, 4 bytes, Stack size unknown bytes, startup_mimxrt1064.o(.text))
<BR>[Address Reference Count : 1]<UL><LI> startup_mimxrt1064.o(.isr_vector)
</UL>
<P><STRONG><a name="[58]"></a>GPIO1_INT6_IRQHandler</STRONG> (Thumb, 4 bytes, Stack size unknown bytes, startup_mimxrt1064.o(.text))
<BR>[Address Reference Count : 1]<UL><LI> startup_mimxrt1064.o(.isr_vector)
</UL>
<P><STRONG><a name="[59]"></a>GPIO1_INT7_IRQHandler</STRONG> (Thumb, 4 bytes, Stack size unknown bytes, startup_mimxrt1064.o(.text))
<BR>[Address Reference Count : 1]<UL><LI> startup_mimxrt1064.o(.isr_vector)
</UL>
<P><STRONG><a name="[5f]"></a>GPIO3_Combined_16_31_IRQHandler</STRONG> (Thumb, 4 bytes, Stack size unknown bytes, startup_mimxrt1064.o(.text))
<BR>[Address Reference Count : 1]<UL><LI> startup_mimxrt1064.o(.isr_vector)
</UL>
<P><STRONG><a name="[60]"></a>GPIO4_Combined_0_15_IRQHandler</STRONG> (Thumb, 4 bytes, Stack size unknown bytes, startup_mimxrt1064.o(.text))
<BR>[Address Reference Count : 1]<UL><LI> startup_mimxrt1064.o(.isr_vector)
</UL>
<P><STRONG><a name="[61]"></a>GPIO4_Combined_16_31_IRQHandler</STRONG> (Thumb, 4 bytes, Stack size unknown bytes, startup_mimxrt1064.o(.text))
<BR>[Address Reference Count : 1]<UL><LI> startup_mimxrt1064.o(.isr_vector)
</UL>
<P><STRONG><a name="[62]"></a>GPIO5_Combined_0_15_IRQHandler</STRONG> (Thumb, 4 bytes, Stack size unknown bytes, startup_mimxrt1064.o(.text))
<BR>[Address Reference Count : 1]<UL><LI> startup_mimxrt1064.o(.isr_vector)
</UL>
<P><STRONG><a name="[63]"></a>GPIO5_Combined_16_31_IRQHandler</STRONG> (Thumb, 4 bytes, Stack size unknown bytes, startup_mimxrt1064.o(.text))
<BR>[Address Reference Count : 1]<UL><LI> startup_mimxrt1064.o(.isr_vector)
</UL>
<P><STRONG><a name="[a7]"></a>GPIO6_7_8_9_IRQHandler</STRONG> (Thumb, 4 bytes, Stack size unknown bytes, startup_mimxrt1064.o(.text))
<BR>[Address Reference Count : 1]<UL><LI> startup_mimxrt1064.o(.isr_vector)
</UL>
<P><STRONG><a name="[33]"></a>GPR_IRQ_IRQHandler</STRONG> (Thumb, 4 bytes, Stack size unknown bytes, startup_mimxrt1064.o(.text))
<BR>[Address Reference Count : 1]<UL><LI> startup_mimxrt1064.o(.isr_vector)
</UL>
<P><STRONG><a name="[6e]"></a>GPT1_IRQHandler</STRONG> (Thumb, 4 bytes, Stack size unknown bytes, startup_mimxrt1064.o(.text))
<BR>[Address Reference Count : 1]<UL><LI> startup_mimxrt1064.o(.isr_vector)
</UL>
<P><STRONG><a name="[6f]"></a>GPT2_IRQHandler</STRONG> (Thumb, 4 bytes, Stack size unknown bytes, startup_mimxrt1064.o(.text))
<BR>[Address Reference Count : 1]<UL><LI> startup_mimxrt1064.o(.isr_vector)
</UL>
<P><STRONG><a name="[31]"></a>KPP_IRQHandler</STRONG> (Thumb, 4 bytes, Stack size unknown bytes, startup_mimxrt1064.o(.text))
<BR>[Address Reference Count : 1]<UL><LI> startup_mimxrt1064.o(.isr_vector)
</UL>
<P><STRONG><a name="[34]"></a>LCDIF_IRQHandler</STRONG> (Thumb, 4 bytes, Stack size unknown bytes, startup_mimxrt1064.o(.text))
<BR>[Address Reference Count : 1]<UL><LI> startup_mimxrt1064.o(.isr_vector)
</UL>
<P><STRONG><a name="[47]"></a>PMU_EVENT_IRQHandler</STRONG> (Thumb, 4 bytes, Stack size unknown bytes, startup_mimxrt1064.o(.text))
<BR>[Address Reference Count : 1]<UL><LI> startup_mimxrt1064.o(.isr_vector)
</UL>
<P><STRONG><a name="[70]"></a>PWM1_0_IRQHandler</STRONG> (Thumb, 4 bytes, Stack size unknown bytes, startup_mimxrt1064.o(.text))
<BR>[Address Reference Count : 1]<UL><LI> startup_mimxrt1064.o(.isr_vector)
</UL>
<P><STRONG><a name="[71]"></a>PWM1_1_IRQHandler</STRONG> (Thumb, 4 bytes, Stack size unknown bytes, startup_mimxrt1064.o(.text))
<BR>[Address Reference Count : 1]<UL><LI> startup_mimxrt1064.o(.isr_vector)
</UL>
<P><STRONG><a name="[72]"></a>PWM1_2_IRQHandler</STRONG> (Thumb, 4 bytes, Stack size unknown bytes, startup_mimxrt1064.o(.text))
<BR>[Address Reference Count : 1]<UL><LI> startup_mimxrt1064.o(.isr_vector)
</UL>
<P><STRONG><a name="[73]"></a>PWM1_3_IRQHandler</STRONG> (Thumb, 4 bytes, Stack size unknown bytes, startup_mimxrt1064.o(.text))
<BR>[Address Reference Count : 1]<UL><LI> startup_mimxrt1064.o(.isr_vector)
</UL>
<P><STRONG><a name="[74]"></a>PWM1_FAULT_IRQHandler</STRONG> (Thumb, 4 bytes, Stack size unknown bytes, startup_mimxrt1064.o(.text))
<BR>[Address Reference Count : 1]<UL><LI> startup_mimxrt1064.o(.isr_vector)
</UL>
<P><STRONG><a name="[93]"></a>PWM2_0_IRQHandler</STRONG> (Thumb, 4 bytes, Stack size unknown bytes, startup_mimxrt1064.o(.text))
<BR>[Address Reference Count : 1]<UL><LI> startup_mimxrt1064.o(.isr_vector)
</UL>
<P><STRONG><a name="[94]"></a>PWM2_1_IRQHandler</STRONG> (Thumb, 4 bytes, Stack size unknown bytes, startup_mimxrt1064.o(.text))
<BR>[Address Reference Count : 1]<UL><LI> startup_mimxrt1064.o(.isr_vector)
</UL>
<P><STRONG><a name="[95]"></a>PWM2_2_IRQHandler</STRONG> (Thumb, 4 bytes, Stack size unknown bytes, startup_mimxrt1064.o(.text))
<BR>[Address Reference Count : 1]<UL><LI> startup_mimxrt1064.o(.isr_vector)
</UL>
<P><STRONG><a name="[96]"></a>PWM2_3_IRQHandler</STRONG> (Thumb, 4 bytes, Stack size unknown bytes, startup_mimxrt1064.o(.text))
<BR>[Address Reference Count : 1]<UL><LI> startup_mimxrt1064.o(.isr_vector)
</UL>
<P><STRONG><a name="[97]"></a>PWM2_FAULT_IRQHandler</STRONG> (Thumb, 4 bytes, Stack size unknown bytes, startup_mimxrt1064.o(.text))
<BR>[Address Reference Count : 1]<UL><LI> startup_mimxrt1064.o(.isr_vector)
</UL>
<P><STRONG><a name="[98]"></a>PWM3_0_IRQHandler</STRONG> (Thumb, 4 bytes, Stack size unknown bytes, startup_mimxrt1064.o(.text))
<BR>[Address Reference Count : 1]<UL><LI> startup_mimxrt1064.o(.isr_vector)
</UL>
<P><STRONG><a name="[99]"></a>PWM3_1_IRQHandler</STRONG> (Thumb, 4 bytes, Stack size unknown bytes, startup_mimxrt1064.o(.text))
<BR>[Address Reference Count : 1]<UL><LI> startup_mimxrt1064.o(.isr_vector)
</UL>
<P><STRONG><a name="[9a]"></a>PWM3_2_IRQHandler</STRONG> (Thumb, 4 bytes, Stack size unknown bytes, startup_mimxrt1064.o(.text))
<BR>[Address Reference Count : 1]<UL><LI> startup_mimxrt1064.o(.isr_vector)
</UL>
<P><STRONG><a name="[9b]"></a>PWM3_3_IRQHandler</STRONG> (Thumb, 4 bytes, Stack size unknown bytes, startup_mimxrt1064.o(.text))
<BR>[Address Reference Count : 1]<UL><LI> startup_mimxrt1064.o(.isr_vector)
</UL>
<P><STRONG><a name="[9c]"></a>PWM3_FAULT_IRQHandler</STRONG> (Thumb, 4 bytes, Stack size unknown bytes, startup_mimxrt1064.o(.text))
<BR>[Address Reference Count : 1]<UL><LI> startup_mimxrt1064.o(.isr_vector)
</UL>
<P><STRONG><a name="[9d]"></a>PWM4_0_IRQHandler</STRONG> (Thumb, 4 bytes, Stack size unknown bytes, startup_mimxrt1064.o(.text))
<BR>[Address Reference Count : 1]<UL><LI> startup_mimxrt1064.o(.isr_vector)
</UL>
<P><STRONG><a name="[9e]"></a>PWM4_1_IRQHandler</STRONG> (Thumb, 4 bytes, Stack size unknown bytes, startup_mimxrt1064.o(.text))
<BR>[Address Reference Count : 1]<UL><LI> startup_mimxrt1064.o(.isr_vector)
</UL>
<P><STRONG><a name="[9f]"></a>PWM4_2_IRQHandler</STRONG> (Thumb, 4 bytes, Stack size unknown bytes, startup_mimxrt1064.o(.text))
<BR>[Address Reference Count : 1]<UL><LI> startup_mimxrt1064.o(.isr_vector)
</UL>
<P><STRONG><a name="[a0]"></a>PWM4_3_IRQHandler</STRONG> (Thumb, 4 bytes, Stack size unknown bytes, startup_mimxrt1064.o(.text))
<BR>[Address Reference Count : 1]<UL><LI> startup_mimxrt1064.o(.isr_vector)
</UL>
<P><STRONG><a name="[a1]"></a>PWM4_FAULT_IRQHandler</STRONG> (Thumb, 4 bytes, Stack size unknown bytes, startup_mimxrt1064.o(.text))
<BR>[Address Reference Count : 1]<UL><LI> startup_mimxrt1064.o(.isr_vector)
</UL>
<P><STRONG><a name="[36]"></a>PXP_IRQHandler</STRONG> (Thumb, 4 bytes, Stack size unknown bytes, startup_mimxrt1064.o(.text))
<BR>[Address Reference Count : 1]<UL><LI> startup_mimxrt1064.o(.isr_vector)
</UL>
<P><STRONG><a name="[67]"></a>RTWDOG_IRQHandler</STRONG> (Thumb, 4 bytes, Stack size unknown bytes, startup_mimxrt1064.o(.text))
<BR>[Address Reference Count : 1]<UL><LI> startup_mimxrt1064.o(.isr_vector)
</UL>
<P><STRONG><a name="[6d]"></a>Reserved115_IRQHandler</STRONG> (Thumb, 4 bytes, Stack size unknown bytes, startup_mimxrt1064.o(.text))
<BR>[Address Reference Count : 1]<UL><LI> startup_mimxrt1064.o(.isr_vector)
</UL>
<P><STRONG><a name="[89]"></a>Reserved143_IRQHandler</STRONG> (Thumb, 4 bytes, Stack size unknown bytes, startup_mimxrt1064.o(.text))
<BR>[Address Reference Count : 1]<UL><LI> startup_mimxrt1064.o(.isr_vector)
</UL>
<P><STRONG><a name="[8a]"></a>Reserved144_IRQHandler</STRONG> (Thumb, 4 bytes, Stack size unknown bytes, startup_mimxrt1064.o(.text))
<BR>[Address Reference Count : 1]<UL><LI> startup_mimxrt1064.o(.isr_vector)
</UL>
<P><STRONG><a name="[a5]"></a>Reserved171_IRQHandler</STRONG> (Thumb, 4 bytes, Stack size unknown bytes, startup_mimxrt1064.o(.text))
<BR>[Address Reference Count : 1]<UL><LI> startup_mimxrt1064.o(.isr_vector)
</UL>
<P><STRONG><a name="[3e]"></a>Reserved68_IRQHandler</STRONG> (Thumb, 4 bytes, Stack size unknown bytes, startup_mimxrt1064.o(.text))
<BR>[Address Reference Count : 1]<UL><LI> startup_mimxrt1064.o(.isr_vector)
</UL>
<P><STRONG><a name="[48]"></a>Reserved78_IRQHandler</STRONG> (Thumb, 4 bytes, Stack size unknown bytes, startup_mimxrt1064.o(.text))
<BR>[Address Reference Count : 1]<UL><LI> startup_mimxrt1064.o(.isr_vector)
</UL>
<P><STRONG><a name="[50]"></a>Reserved86_IRQHandler</STRONG> (Thumb, 4 bytes, Stack size unknown bytes, startup_mimxrt1064.o(.text))
<BR>[Address Reference Count : 1]<UL><LI> startup_mimxrt1064.o(.isr_vector)
</UL>
<P><STRONG><a name="[77]"></a>SEMC_IRQHandler</STRONG> (Thumb, 4 bytes, Stack size unknown bytes, startup_mimxrt1064.o(.text))
<BR>[Address Reference Count : 1]<UL><LI> startup_mimxrt1064.o(.isr_vector)
</UL>
<P><STRONG><a name="[40]"></a>SJC_IRQHandler</STRONG> (Thumb, 4 bytes, Stack size unknown bytes, startup_mimxrt1064.o(.text))
<BR>[Address Reference Count : 1]<UL><LI> startup_mimxrt1064.o(.isr_vector)
</UL>
<P><STRONG><a name="[38]"></a>SNVS_HP_WRAPPER_IRQHandler</STRONG> (Thumb, 4 bytes, Stack size unknown bytes, startup_mimxrt1064.o(.text))
<BR>[Address Reference Count : 1]<UL><LI> startup_mimxrt1064.o(.isr_vector)
</UL>
<P><STRONG><a name="[39]"></a>SNVS_HP_WRAPPER_TZ_IRQHandler</STRONG> (Thumb, 4 bytes, Stack size unknown bytes, startup_mimxrt1064.o(.text))
<BR>[Address Reference Count : 1]<UL><LI> startup_mimxrt1064.o(.isr_vector)
</UL>
<P><STRONG><a name="[3a]"></a>SNVS_LP_WRAPPER_IRQHandler</STRONG> (Thumb, 4 bytes, Stack size unknown bytes, startup_mimxrt1064.o(.text))
<BR>[Address Reference Count : 1]<UL><LI> startup_mimxrt1064.o(.isr_vector)
</UL>
<P><STRONG><a name="[6c]"></a>SRC_IRQHandler</STRONG> (Thumb, 4 bytes, Stack size unknown bytes, startup_mimxrt1064.o(.text))
<BR>[Address Reference Count : 1]<UL><LI> startup_mimxrt1064.o(.isr_vector)
</UL>
<P><STRONG><a name="[49]"></a>TEMP_LOW_HIGH_IRQHandler</STRONG> (Thumb, 4 bytes, Stack size unknown bytes, startup_mimxrt1064.o(.text))
<BR>[Address Reference Count : 1]<UL><LI> startup_mimxrt1064.o(.isr_vector)
</UL>
<P><STRONG><a name="[4a]"></a>TEMP_PANIC_IRQHandler</STRONG> (Thumb, 4 bytes, Stack size unknown bytes, startup_mimxrt1064.o(.text))
<BR>[Address Reference Count : 1]<UL><LI> startup_mimxrt1064.o(.isr_vector)
</UL>
<P><STRONG><a name="[8f]"></a>TMR1_IRQHandler</STRONG> (Thumb, 4 bytes, Stack size unknown bytes, startup_mimxrt1064.o(.text))
<BR>[Address Reference Count : 1]<UL><LI> startup_mimxrt1064.o(.isr_vector)
</UL>
<P><STRONG><a name="[90]"></a>TMR2_IRQHandler</STRONG> (Thumb, 4 bytes, Stack size unknown bytes, startup_mimxrt1064.o(.text))
<BR>[Address Reference Count : 1]<UL><LI> startup_mimxrt1064.o(.isr_vector)
</UL>
<P><STRONG><a name="[91]"></a>TMR3_IRQHandler</STRONG> (Thumb, 4 bytes, Stack size unknown bytes, startup_mimxrt1064.o(.text))
<BR>[Address Reference Count : 1]<UL><LI> startup_mimxrt1064.o(.isr_vector)
</UL>
<P><STRONG><a name="[92]"></a>TMR4_IRQHandler</STRONG> (Thumb, 4 bytes, Stack size unknown bytes, startup_mimxrt1064.o(.text))
<BR>[Address Reference Count : 1]<UL><LI> startup_mimxrt1064.o(.isr_vector)
</UL>
<P><STRONG><a name="[3f]"></a>TRNG_IRQHandler</STRONG> (Thumb, 4 bytes, Stack size unknown bytes, startup_mimxrt1064.o(.text))
<BR>[Address Reference Count : 1]<UL><LI> startup_mimxrt1064.o(.isr_vector)
</UL>
<P><STRONG><a name="[32]"></a>TSC_DIG_IRQHandler</STRONG> (Thumb, 4 bytes, Stack size unknown bytes, startup_mimxrt1064.o(.text))
<BR>[Address Reference Count : 1]<UL><LI> startup_mimxrt1064.o(.isr_vector)
</UL>
<P><STRONG><a name="[4b]"></a>USB_PHY1_IRQHandler</STRONG> (Thumb, 4 bytes, Stack size unknown bytes, startup_mimxrt1064.o(.text))
<BR>[Address Reference Count : 1]<UL><LI> startup_mimxrt1064.o(.isr_vector)
</UL>
<P><STRONG><a name="[4c]"></a>USB_PHY2_IRQHandler</STRONG> (Thumb, 4 bytes, Stack size unknown bytes, startup_mimxrt1064.o(.text))
<BR>[Address Reference Count : 1]<UL><LI> startup_mimxrt1064.o(.isr_vector)
</UL>
<P><STRONG><a name="[66]"></a>WDOG1_IRQHandler</STRONG> (Thumb, 4 bytes, Stack size unknown bytes, startup_mimxrt1064.o(.text))
<BR>[Address Reference Count : 1]<UL><LI> startup_mimxrt1064.o(.isr_vector)
</UL>
<P><STRONG><a name="[37]"></a>WDOG2_IRQHandler</STRONG> (Thumb, 4 bytes, Stack size unknown bytes, startup_mimxrt1064.o(.text))
<BR>[Address Reference Count : 1]<UL><LI> startup_mimxrt1064.o(.isr_vector)
</UL>
<P><STRONG><a name="[7e]"></a>XBAR1_IRQ_0_1_IRQHandler</STRONG> (Thumb, 4 bytes, Stack size unknown bytes, startup_mimxrt1064.o(.text))
<BR>[Address Reference Count : 1]<UL><LI> startup_mimxrt1064.o(.isr_vector)
</UL>
<P><STRONG><a name="[7f]"></a>XBAR1_IRQ_2_3_IRQHandler</STRONG> (Thumb, 4 bytes, Stack size unknown bytes, startup_mimxrt1064.o(.text))
<BR>[Address Reference Count : 1]<UL><LI> startup_mimxrt1064.o(.isr_vector)
</UL>
<P><STRONG><a name="[a]"></a>DMA0_DMA16_IRQHandler</STRONG> (Thumb, 4 bytes, Stack size unknown bytes, startup_mimxrt1064.o(.text))
<BR>[Address Reference Count : 1]<UL><LI> startup_mimxrt1064.o(.isr_vector)
</UL>
<P><STRONG><a name="[b]"></a>DMA1_DMA17_IRQHandler</STRONG> (Thumb, 4 bytes, Stack size unknown bytes, startup_mimxrt1064.o(.text))
<BR>[Address Reference Count : 1]<UL><LI> startup_mimxrt1064.o(.isr_vector)
</UL>
<P><STRONG><a name="[c]"></a>DMA2_DMA18_IRQHandler</STRONG> (Thumb, 4 bytes, Stack size unknown bytes, startup_mimxrt1064.o(.text))
<BR>[Address Reference Count : 1]<UL><LI> startup_mimxrt1064.o(.isr_vector)
</UL>
<P><STRONG><a name="[d]"></a>DMA3_DMA19_IRQHandler</STRONG> (Thumb, 4 bytes, Stack size unknown bytes, startup_mimxrt1064.o(.text))
<BR>[Address Reference Count : 1]<UL><LI> startup_mimxrt1064.o(.isr_vector)
</UL>
<P><STRONG><a name="[e]"></a>DMA4_DMA20_IRQHandler</STRONG> (Thumb, 4 bytes, Stack size unknown bytes, startup_mimxrt1064.o(.text))
<BR>[Address Reference Count : 1]<UL><LI> startup_mimxrt1064.o(.isr_vector)
</UL>
<P><STRONG><a name="[f]"></a>DMA5_DMA21_IRQHandler</STRONG> (Thumb, 4 bytes, Stack size unknown bytes, startup_mimxrt1064.o(.text))
<BR>[Address Reference Count : 1]<UL><LI> startup_mimxrt1064.o(.isr_vector)
</UL>
<P><STRONG><a name="[10]"></a>DMA6_DMA22_IRQHandler</STRONG> (Thumb, 4 bytes, Stack size unknown bytes, startup_mimxrt1064.o(.text))
<BR>[Address Reference Count : 1]<UL><LI> startup_mimxrt1064.o(.isr_vector)
</UL>
<P><STRONG><a name="[11]"></a>DMA7_DMA23_IRQHandler</STRONG> (Thumb, 4 bytes, Stack size unknown bytes, startup_mimxrt1064.o(.text))
<BR>[Address Reference Count : 1]<UL><LI> startup_mimxrt1064.o(.isr_vector)
</UL>
<P><STRONG><a name="[12]"></a>DMA8_DMA24_IRQHandler</STRONG> (Thumb, 4 bytes, Stack size unknown bytes, startup_mimxrt1064.o(.text))
<BR>[Address Reference Count : 1]<UL><LI> startup_mimxrt1064.o(.isr_vector)
</UL>
<P><STRONG><a name="[13]"></a>DMA9_DMA25_IRQHandler</STRONG> (Thumb, 4 bytes, Stack size unknown bytes, startup_mimxrt1064.o(.text))
<BR>[Address Reference Count : 1]<UL><LI> startup_mimxrt1064.o(.isr_vector)
</UL>
<P><STRONG><a name="[14]"></a>DMA10_DMA26_IRQHandler</STRONG> (Thumb, 4 bytes, Stack size unknown bytes, startup_mimxrt1064.o(.text))
<BR>[Address Reference Count : 1]<UL><LI> startup_mimxrt1064.o(.isr_vector)
</UL>
<P><STRONG><a name="[15]"></a>DMA11_DMA27_IRQHandler</STRONG> (Thumb, 4 bytes, Stack size unknown bytes, startup_mimxrt1064.o(.text))
<BR>[Address Reference Count : 1]<UL><LI> startup_mimxrt1064.o(.isr_vector)
</UL>
<P><STRONG><a name="[16]"></a>DMA12_DMA28_IRQHandler</STRONG> (Thumb, 4 bytes, Stack size unknown bytes, startup_mimxrt1064.o(.text))
<BR>[Address Reference Count : 1]<UL><LI> startup_mimxrt1064.o(.isr_vector)
</UL>
<P><STRONG><a name="[17]"></a>DMA13_DMA29_IRQHandler</STRONG> (Thumb, 4 bytes, Stack size unknown bytes, startup_mimxrt1064.o(.text))
<BR>[Address Reference Count : 1]<UL><LI> startup_mimxrt1064.o(.isr_vector)
</UL>
<P><STRONG><a name="[18]"></a>DMA14_DMA30_IRQHandler</STRONG> (Thumb, 4 bytes, Stack size unknown bytes, startup_mimxrt1064.o(.text))
<BR>[Address Reference Count : 1]<UL><LI> startup_mimxrt1064.o(.isr_vector)
</UL>
<P><STRONG><a name="[19]"></a>DMA15_DMA31_IRQHandler</STRONG> (Thumb, 4 bytes, Stack size unknown bytes, startup_mimxrt1064.o(.text))
<BR>[Address Reference Count : 1]<UL><LI> startup_mimxrt1064.o(.isr_vector)
</UL>
<P><STRONG><a name="[1a]"></a>DMA_ERROR_IRQHandler</STRONG> (Thumb, 4 bytes, Stack size unknown bytes, startup_mimxrt1064.o(.text))
<BR>[Address Reference Count : 1]<UL><LI> startup_mimxrt1064.o(.isr_vector)
</UL>
<P><STRONG><a name="[24]"></a>LPUART7_IRQHandler</STRONG> (Thumb, 4 bytes, Stack size unknown bytes, startup_mimxrt1064.o(.text))
<BR>[Address Reference Count : 1]<UL><LI> startup_mimxrt1064.o(.isr_vector)
</UL>
<P><STRONG><a name="[26]"></a>LPI2C1_IRQHandler</STRONG> (Thumb, 4 bytes, Stack size unknown bytes, startup_mimxrt1064.o(.text))
<BR>[Address Reference Count : 1]<UL><LI> startup_mimxrt1064.o(.isr_vector)
</UL>
<P><STRONG><a name="[27]"></a>LPI2C2_IRQHandler</STRONG> (Thumb, 4 bytes, Stack size unknown bytes, startup_mimxrt1064.o(.text))
<BR>[Address Reference Count : 1]<UL><LI> startup_mimxrt1064.o(.isr_vector)
</UL>
<P><STRONG><a name="[28]"></a>LPI2C3_IRQHandler</STRONG> (Thumb, 4 bytes, Stack size unknown bytes, startup_mimxrt1064.o(.text))
<BR>[Address Reference Count : 1]<UL><LI> startup_mimxrt1064.o(.isr_vector)
</UL>
<P><STRONG><a name="[29]"></a>LPI2C4_IRQHandler</STRONG> (Thumb, 4 bytes, Stack size unknown bytes, startup_mimxrt1064.o(.text))
<BR>[Address Reference Count : 1]<UL><LI> startup_mimxrt1064.o(.isr_vector)
</UL>
<P><STRONG><a name="[2a]"></a>LPSPI1_IRQHandler</STRONG> (Thumb, 4 bytes, Stack size unknown bytes, startup_mimxrt1064.o(.text))
<BR>[Address Reference Count : 1]<UL><LI> startup_mimxrt1064.o(.isr_vector)
</UL>
<P><STRONG><a name="[2b]"></a>LPSPI2_IRQHandler</STRONG> (Thumb, 4 bytes, Stack size unknown bytes, startup_mimxrt1064.o(.text))
<BR>[Address Reference Count : 1]<UL><LI> startup_mimxrt1064.o(.isr_vector)
</UL>
<P><STRONG><a name="[2c]"></a>LPSPI3_IRQHandler</STRONG> (Thumb, 4 bytes, Stack size unknown bytes, startup_mimxrt1064.o(.text))
<BR>[Address Reference Count : 1]<UL><LI> startup_mimxrt1064.o(.isr_vector)
</UL>
<P><STRONG><a name="[2d]"></a>LPSPI4_IRQHandler</STRONG> (Thumb, 4 bytes, Stack size unknown bytes, startup_mimxrt1064.o(.text))
<BR>[Address Reference Count : 1]<UL><LI> startup_mimxrt1064.o(.isr_vector)
</UL>
<P><STRONG><a name="[2e]"></a>CAN1_IRQHandler</STRONG> (Thumb, 4 bytes, Stack size unknown bytes, startup_mimxrt1064.o(.text))
<BR>[Address Reference Count : 1]<UL><LI> startup_mimxrt1064.o(.isr_vector)
</UL>
<P><STRONG><a name="[2f]"></a>CAN2_IRQHandler</STRONG> (Thumb, 4 bytes, Stack size unknown bytes, startup_mimxrt1064.o(.text))
<BR>[Address Reference Count : 1]<UL><LI> startup_mimxrt1064.o(.isr_vector)
</UL>
<P><STRONG><a name="[42]"></a>SAI1_IRQHandler</STRONG> (Thumb, 4 bytes, Stack size unknown bytes, startup_mimxrt1064.o(.text))
<BR>[Address Reference Count : 1]<UL><LI> startup_mimxrt1064.o(.isr_vector)
</UL>
<P><STRONG><a name="[43]"></a>SAI2_IRQHandler</STRONG> (Thumb, 4 bytes, Stack size unknown bytes, startup_mimxrt1064.o(.text))
<BR>[Address Reference Count : 1]<UL><LI> startup_mimxrt1064.o(.isr_vector)
</UL>
<P><STRONG><a name="[44]"></a>SAI3_RX_IRQHandler</STRONG> (Thumb, 4 bytes, Stack size unknown bytes, startup_mimxrt1064.o(.text))
<BR>[Address Reference Count : 1]<UL><LI> startup_mimxrt1064.o(.isr_vector)
</UL>
<P><STRONG><a name="[45]"></a>SAI3_TX_IRQHandler</STRONG> (Thumb, 4 bytes, Stack size unknown bytes, startup_mimxrt1064.o(.text))
<BR>[Address Reference Count : 1]<UL><LI> startup_mimxrt1064.o(.isr_vector)
</UL>
<P><STRONG><a name="[46]"></a>SPDIF_IRQHandler</STRONG> (Thumb, 4 bytes, Stack size unknown bytes, startup_mimxrt1064.o(.text))
<BR>[Address Reference Count : 1]<UL><LI> startup_mimxrt1064.o(.isr_vector)
</UL>
<P><STRONG><a name="[64]"></a>FLEXIO1_IRQHandler</STRONG> (Thumb, 4 bytes, Stack size unknown bytes, startup_mimxrt1064.o(.text))
<BR>[Address Reference Count : 1]<UL><LI> startup_mimxrt1064.o(.isr_vector)
</UL>
<P><STRONG><a name="[65]"></a>FLEXIO2_IRQHandler</STRONG> (Thumb, 4 bytes, Stack size unknown bytes, startup_mimxrt1064.o(.text))
<BR>[Address Reference Count : 1]<UL><LI> startup_mimxrt1064.o(.isr_vector)
</UL>
<P><STRONG><a name="[75]"></a>FLEXSPI2_IRQHandler</STRONG> (Thumb, 4 bytes, Stack size unknown bytes, startup_mimxrt1064.o(.text))
<BR>[Address Reference Count : 1]<UL><LI> startup_mimxrt1064.o(.isr_vector)
</UL>
<P><STRONG><a name="[76]"></a>FLEXSPI_IRQHandler</STRONG> (Thumb, 4 bytes, Stack size unknown bytes, startup_mimxrt1064.o(.text))
<BR>[Address Reference Count : 1]<UL><LI> startup_mimxrt1064.o(.isr_vector)
</UL>
<P><STRONG><a name="[78]"></a>USDHC1_IRQHandler</STRONG> (Thumb, 4 bytes, Stack size unknown bytes, startup_mimxrt1064.o(.text))
<BR>[Address Reference Count : 1]<UL><LI> startup_mimxrt1064.o(.isr_vector)
</UL>
<P><STRONG><a name="[79]"></a>USDHC2_IRQHandler</STRONG> (Thumb, 4 bytes, Stack size unknown bytes, startup_mimxrt1064.o(.text))
<BR>[Address Reference Count : 1]<UL><LI> startup_mimxrt1064.o(.isr_vector)
</UL>
<P><STRONG><a name="[7c]"></a>ENET_IRQHandler</STRONG> (Thumb, 4 bytes, Stack size unknown bytes, startup_mimxrt1064.o(.text))
<BR>[Address Reference Count : 1]<UL><LI> startup_mimxrt1064.o(.isr_vector)
</UL>
<P><STRONG><a name="[7d]"></a>ENET_1588_Timer_IRQHandler</STRONG> (Thumb, 4 bytes, Stack size unknown bytes, startup_mimxrt1064.o(.text))
<BR>[Address Reference Count : 1]<UL><LI> startup_mimxrt1064.o(.isr_vector)
</UL>
<P><STRONG><a name="[a2]"></a>ENET2_IRQHandler</STRONG> (Thumb, 4 bytes, Stack size unknown bytes, startup_mimxrt1064.o(.text))
<BR>[Address Reference Count : 1]<UL><LI> startup_mimxrt1064.o(.isr_vector)
</UL>
<P><STRONG><a name="[a3]"></a>ENET2_1588_Timer_IRQHandler</STRONG> (Thumb, 4 bytes, Stack size unknown bytes, startup_mimxrt1064.o(.text))
<BR>[Address Reference Count : 1]<UL><LI> startup_mimxrt1064.o(.isr_vector)
</UL>
<P><STRONG><a name="[a4]"></a>CAN3_IRQHandler</STRONG> (Thumb, 4 bytes, Stack size unknown bytes, startup_mimxrt1064.o(.text))
<BR>[Address Reference Count : 1]<UL><LI> startup_mimxrt1064.o(.isr_vector)
</UL>
<P><STRONG><a name="[a6]"></a>FLEXIO3_IRQHandler</STRONG> (Thumb, 4 bytes, Stack size unknown bytes, startup_mimxrt1064.o(.text))
<BR>[Address Reference Count : 1]<UL><LI> startup_mimxrt1064.o(.isr_vector)
</UL>
<P><STRONG><a name="[a9]"></a>SystemInit</STRONG> (Thumb, 260 bytes, Stack size 0 bytes, system_mimxrt1064.o(.text.SystemInit))
<BR><BR>[Calls]<UL><LI><a href="#[21b]">&gt;&gt;</a>&nbsp;&nbsp;&nbsp;SystemInitHook
</UL>
<BR>[Address Reference Count : 1]<UL><LI> startup_mimxrt1064.o(.text)
</UL>
<P><STRONG><a name="[21b]"></a>SystemInitHook</STRONG> (Thumb, 2 bytes, Stack size 0 bytes, system_mimxrt1064.o(.text.SystemInitHook))
<BR><BR>[Called By]<UL><LI><a href="#[a9]">&gt;&gt;</a>&nbsp;&nbsp;&nbsp;SystemInit
</UL>

<P><STRONG><a name="[f8]"></a>_printf_f</STRONG> (Thumb, 0 bytes, Stack size unknown bytes, _printf_f.o(.ARM.Collect$$_printf_percent$$00000003))
<BR><BR>[Stack]<UL><LI>Max Depth = 324 + Unknown Stack Size
<LI>Call Chain = _printf_f &rArr; _printf_fp_dec &rArr; _printf_fp_dec_real &rArr; _fp_digits &rArr; _btod_etento &rArr; _btod_emul &rArr; _e2e
</UL>
<BR>[Calls]<UL><LI><a href="#[f9]">&gt;&gt;</a>&nbsp;&nbsp;&nbsp;_printf_fp_dec
</UL>

<P><STRONG><a name="[121]"></a>_printf_percent</STRONG> (Thumb, 0 bytes, Stack size unknown bytes, _printf_percent.o(.ARM.Collect$$_printf_percent$$00000000))
<BR><BR>[Called By]<UL><LI><a href="#[11f]">&gt;&gt;</a>&nbsp;&nbsp;&nbsp;__printf
</UL>

<P><STRONG><a name="[fa]"></a>_printf_d</STRONG> (Thumb, 0 bytes, Stack size unknown bytes, _printf_d.o(.ARM.Collect$$_printf_percent$$00000009))
<BR><BR>[Stack]<UL><LI>Max Depth = 72 + Unknown Stack Size
<LI>Call Chain = _printf_d &rArr; _printf_int_dec &rArr; _printf_int_common &rArr; _printf_post_padding
</UL>
<BR>[Calls]<UL><LI><a href="#[fb]">&gt;&gt;</a>&nbsp;&nbsp;&nbsp;_printf_int_dec
</UL>

<P><STRONG><a name="[fc]"></a>_printf_s</STRONG> (Thumb, 0 bytes, Stack size unknown bytes, _printf_s.o(.ARM.Collect$$_printf_percent$$00000014))
<BR><BR>[Stack]<UL><LI>Max Depth = 40 + Unknown Stack Size
<LI>Call Chain = _printf_s &rArr; _printf_string &rArr; _printf_cs_common &rArr; _printf_str &rArr; _printf_post_padding
</UL>
<BR>[Calls]<UL><LI><a href="#[fd]">&gt;&gt;</a>&nbsp;&nbsp;&nbsp;_printf_string
</UL>

<P><STRONG><a name="[220]"></a>_printf_percent_end</STRONG> (Thumb, 0 bytes, Stack size unknown bytes, _printf_percent_end.o(.ARM.Collect$$_printf_percent$$00000017))

<P><STRONG><a name="[10b]"></a>__rt_lib_init</STRONG> (Thumb, 0 bytes, Stack size unknown bytes, libinit.o(.ARM.Collect$$libinit$$00000000))
<BR><BR>[Called By]<UL><LI><a href="#[10a]">&gt;&gt;</a>&nbsp;&nbsp;&nbsp;__rt_entry_li
</UL>

<P><STRONG><a name="[fe]"></a>__rt_lib_init_fp_1</STRONG> (Thumb, 0 bytes, Stack size unknown bytes, libinit2.o(.ARM.Collect$$libinit$$00000001))
<BR><BR>[Calls]<UL><LI><a href="#[ff]">&gt;&gt;</a>&nbsp;&nbsp;&nbsp;_fp_init
</UL>

<P><STRONG><a name="[100]"></a>__rt_lib_init_heap_2</STRONG> (Thumb, 0 bytes, Stack size unknown bytes, libinit5.o(.ARM.Collect$$libinit$$0000000A))
<BR><BR>[Stack]<UL><LI>Max Depth = 64 + Unknown Stack Size
<LI>Call Chain = __rt_lib_init_heap_2 &rArr; _init_alloc &rArr; __rt_SIGRTMEM &rArr; __rt_SIGRTMEM_inner &rArr; __default_signal_display &rArr; _ttywrch
</UL>
<BR>[Calls]<UL><LI><a href="#[101]">&gt;&gt;</a>&nbsp;&nbsp;&nbsp;_init_alloc
</UL>

[...]
<BR><BR>[Called By]<UL><LI><a href="#[16f]">&gt;&gt;</a>&nbsp;&nbsp;&nbsp;__hardfp_pow
</UL>

<P><STRONG><a name="[202]"></a>__mathlib_dbl_invalid</STRONG> (Thumb, 10 bytes, Stack size 0 bytes, dunder.o(i.__mathlib_dbl_invalid))
<BR><BR>[Called By]<UL><LI><a href="#[16f]">&gt;&gt;</a>&nbsp;&nbsp;&nbsp;__hardfp_pow
<LI><a href="#[1b0]">&gt;&gt;</a>&nbsp;&nbsp;&nbsp;__hardfp_log
<LI><a href="#[1b2]">&gt;&gt;</a>&nbsp;&nbsp;&nbsp;__hardfp_cos
</UL>

<P><STRONG><a name="[20d]"></a>__mathlib_dbl_overflow</STRONG> (Thumb, 10 bytes, Stack size 0 bytes, dunder.o(i.__mathlib_dbl_overflow))
<BR><BR>[Called By]<UL><LI><a href="#[153]">&gt;&gt;</a>&nbsp;&nbsp;&nbsp;__support_ldexp
<LI><a href="#[16f]">&gt;&gt;</a>&nbsp;&nbsp;&nbsp;__hardfp_pow
</UL>

<P><STRONG><a name="[210]"></a>__mathlib_dbl_underflow</STRONG> (Thumb, 10 bytes, Stack size 0 bytes, dunder.o(i.__mathlib_dbl_underflow))
<BR><BR>[Called By]<UL><LI><a href="#[204]">&gt;&gt;</a>&nbsp;&nbsp;&nbsp;__kernel_sin
<LI><a href="#[153]">&gt;&gt;</a>&nbsp;&nbsp;&nbsp;__support_ldexp
<LI><a href="#[16f]">&gt;&gt;</a>&nbsp;&nbsp;&nbsp;__hardfp_pow
</UL>

<P><STRONG><a name="[20b]"></a>__mathlib_flt_divzero</STRONG> (Thumb, 14 bytes, Stack size 0 bytes, funder.o(i.__mathlib_flt_divzero))
<BR><BR>[Called By]<UL><LI><a href="#[1ab]">&gt;&gt;</a>&nbsp;&nbsp;&nbsp;__hardfp_logf
</UL>

<P><STRONG><a name="[209]"></a>__mathlib_flt_infnan</STRONG> (Thumb, 6 bytes, Stack size 0 bytes, funder.o(i.__mathlib_flt_infnan))
<BR><BR>[Called By]<UL><LI><a href="#[1ab]">&gt;&gt;</a>&nbsp;&nbsp;&nbsp;__hardfp_logf
</UL>

<P><STRONG><a name="[20a]"></a>__mathlib_flt_invalid</STRONG> (Thumb, 10 bytes, Stack size 0 bytes, funder.o(i.__mathlib_flt_invalid))
<BR><BR>[Called By]<UL><LI><a href="#[1ab]">&gt;&gt;</a>&nbsp;&nbsp;&nbsp;__hardfp_logf
</UL>

<P><STRONG><a name="[146]"></a>__mathlib_narrow</STRONG> (Thumb, 18 bytes, Stack size 8 bytes, narrow.o(i.__mathlib_narrow))
<BR><BR>[Stack]<UL><LI>Max Depth = 48<LI>Call Chain = __mathlib_narrow &rArr; __hardfp___mathlib_tofloat &rArr; __set_errno
</UL>
<BR>[Calls]<UL><LI><a href="#[200]">&gt;&gt;</a>&nbsp;&nbsp;&nbsp;__hardfp___mathlib_tofloat
</UL>
<BR>[Called By]<UL><LI><a href="#[150]">&gt;&gt;</a>&nbsp;&nbsp;&nbsp;_scanf_really_hex_real
<LI><a href="#[143]">&gt;&gt;</a>&nbsp;&nbsp;&nbsp;_scanf_really_real
</UL>

<P><STRONG><a name="[153]"></a>__support_ldexp</STRONG> (Thumb, 166 bytes, Stack size 40 bytes, ldexp.o(i.__support_ldexp))
<BR><BR>[Stack]<UL><LI>Max Depth = 48<LI>Call Chain = __support_ldexp &rArr; __set_errno
</UL>
<BR>[Calls]<UL><LI><a href="#[210]">&gt;&gt;</a>&nbsp;&nbsp;&nbsp;__mathlib_dbl_underflow
<LI><a href="#[20d]">&gt;&gt;</a>&nbsp;&nbsp;&nbsp;__mathlib_dbl_overflow
<LI><a href="#[211]">&gt;&gt;</a>&nbsp;&nbsp;&nbsp;__ARM_scalbn
<LI><a href="#[133]">&gt;&gt;</a>&nbsp;&nbsp;&nbsp;__set_errno
</UL>
<BR>[Called By]<UL><LI><a href="#[150]">&gt;&gt;</a>&nbsp;&nbsp;&nbsp;_scanf_really_hex_real
</UL>

<P><STRONG><a name="[120]"></a>_is_digit</STRONG> (Thumb, 14 bytes, Stack size 0 bytes, __printf_wp.o(i._is_digit))
<BR><BR>[Called By]<UL><LI><a href="#[11f]">&gt;&gt;</a>&nbsp;&nbsp;&nbsp;__printf
<LI><a href="#[143]">&gt;&gt;</a>&nbsp;&nbsp;&nbsp;_scanf_really_real
</UL>

<P><STRONG><a name="[20f]"></a>fabs</STRONG> (Thumb, 24 bytes, Stack size 8 bytes, fabs.o(i.fabs))
<BR><BR>[Stack]<UL><LI>Max Depth = 8<LI>Call Chain = fabs
</UL>
<BR>[Called By]<UL><LI><a href="#[203]">&gt;&gt;</a>&nbsp;&nbsp;&nbsp;__ieee754_rem_pio2
<LI><a href="#[16f]">&gt;&gt;</a>&nbsp;&nbsp;&nbsp;__hardfp_pow
</UL>

<P><STRONG><a name="[201]"></a>frexp</STRONG> (Thumb, 118 bytes, Stack size 8 bytes, frexp.o(i.frexp))
<BR><BR>[Stack]<UL><LI>Max Depth = 8<LI>Call Chain = frexp
</UL>
<BR>[Called By]<UL><LI><a href="#[200]">&gt;&gt;</a>&nbsp;&nbsp;&nbsp;__hardfp___mathlib_tofloat
</UL>

<P><STRONG><a name="[20e]"></a>sqrt</STRONG> (Thumb, 106 bytes, Stack size 24 bytes, sqrt.o(i.sqrt))
<BR><BR>[Stack]<UL><LI>Max Depth = 32<LI>Call Chain = sqrt &rArr; __set_errno
</UL>
<BR>[Calls]<UL><LI><a href="#[133]">&gt;&gt;</a>&nbsp;&nbsp;&nbsp;__set_errno
</UL>
<BR>[Called By]<UL><LI><a href="#[16f]">&gt;&gt;</a>&nbsp;&nbsp;&nbsp;__hardfp_pow
</UL>

<P><STRONG><a name="[106]"></a>_get_lc_numeric</STRONG> (Thumb, 44 bytes, Stack size 8 bytes, lc_numeric_c.o(locale$$code))
<BR><BR>[Stack]<UL><LI>Max Depth = 16<LI>Call Chain = _get_lc_numeric &rArr; strcmp
</UL>
<BR>[Calls]<UL><LI><a href="#[212]">&gt;&gt;</a>&nbsp;&nbsp;&nbsp;strcmp
</UL>
<BR>[Called By]<UL><LI><a href="#[105]">&gt;&gt;</a>&nbsp;&nbsp;&nbsp;__rt_lib_init_lc_numeric_2
</UL>

<P><STRONG><a name="[e5]"></a>_get_lc_ctype</STRONG> (Thumb, 44 bytes, Stack size 8 bytes, lc_ctype_c.o(locale$$code))
<BR><BR>[Stack]<UL><LI>Max Depth = 16<LI>Call Chain = _get_lc_ctype &rArr; strcmp
</UL>
<BR>[Calls]<UL><LI><a href="#[212]">&gt;&gt;</a>&nbsp;&nbsp;&nbsp;strcmp
</UL>
<BR>[Called By]<UL><LI><a href="#[104]">&gt;&gt;</a>&nbsp;&nbsp;&nbsp;__rt_lib_init_lc_ctype_2
</UL>
<BR>[Address Reference Count : 1]<UL><LI> rt_ctype_table.o(.text)
</UL>
<P><STRONG><a name="[213]"></a>__fpl_dcheck_NaN1</STRONG> (Thumb, 10 bytes, Stack size 0 bytes, dcheck1.o(x$fpl$dcheck1))
<BR><BR>[Calls]<UL><LI><a href="#[214]">&gt;&gt;</a>&nbsp;&nbsp;&nbsp;__fpl_return_NaN
</UL>
<BR>[Called By]<UL><LI><a href="#[211]">&gt;&gt;</a>&nbsp;&nbsp;&nbsp;__ARM_scalbn
</UL>

<P><STRONG><a name="[ff]"></a>_fp_init</STRONG> (Thumb, 26 bytes, Stack size 0 bytes, fpinit.o(x$fpl$fpinit))
<BR><BR>[Called By]<UL><LI><a href="#[fe]">&gt;&gt;</a>&nbsp;&nbsp;&nbsp;__rt_lib_init_fp_1
</UL>

<P><STRONG><a name="[25d]"></a>__fplib_config_fpu_vfp</STRONG> (Thumb, 0 bytes, Stack size unknown bytes, fpinit.o(x$fpl$fpinit), UNUSED)

<P><STRONG><a name="[25e]"></a>__fplib_config_pureend_doubles</STRONG> (Thumb, 0 bytes, Stack size unknown bytes, fpinit.o(x$fpl$fpinit), UNUSED)

<P><STRONG><a name="[140]"></a>__ieee_status</STRONG> (Thumb, 6 bytes, Stack size 0 bytes, istatus.o(x$fpl$ieeestatus))
<BR><BR>[Called By]<UL><LI><a href="#[13f]">&gt;&gt;</a>&nbsp;&nbsp;&nbsp;_fp_value
</UL>

<P><STRONG><a name="[f9]"></a>_printf_fp_dec</STRONG> (Thumb, 4 bytes, Stack size 0 bytes, printf1.o(x$fpl$printf1))
<BR><BR>[Stack]<UL><LI>Max Depth = 324<LI>Call Chain = _printf_fp_dec &rArr; _printf_fp_dec_real &rArr; _fp_digits &rArr; _btod_etento &rArr; _btod_emul &rArr; _e2e
</UL>
<BR>[Calls]<UL><LI><a href="#[13a]">&gt;&gt;</a>&nbsp;&nbsp;&nbsp;_printf_fp_dec_real
</UL>
<BR>[Called By]<UL><LI><a href="#[f8]">&gt;&gt;</a>&nbsp;&nbsp;&nbsp;_printf_f
</UL>

<P><STRONG><a name="[214]"></a>__fpl_return_NaN</STRONG> (Thumb, 100 bytes, Stack size 0 bytes, retnan.o(x$fpl$retnan))
<BR><BR>[Calls]<UL><LI><a href="#[215]">&gt;&gt;</a>&nbsp;&nbsp;&nbsp;__fpl_cmpreturn
</UL>
<BR>[Called By]<UL><LI><a href="#[213]">&gt;&gt;</a>&nbsp;&nbsp;&nbsp;__fpl_dcheck_NaN1
</UL>

<P><STRONG><a name="[211]"></a>__ARM_scalbn</STRONG> (Thumb, 92 bytes, Stack size 0 bytes, scalbn.o(x$fpl$scalbn))
<BR><BR>[Calls]<UL><LI><a href="#[213]">&gt;&gt;</a>&nbsp;&nbsp;&nbsp;__fpl_dcheck_NaN1
</UL>
<BR>[Called By]<UL><LI><a href="#[153]">&gt;&gt;</a>&nbsp;&nbsp;&nbsp;__support_ldexp
<LI><a href="#[16f]">&gt;&gt;</a>&nbsp;&nbsp;&nbsp;__hardfp_pow
</UL>

<P><STRONG><a name="[14d]"></a>_scanf_real</STRONG> (Thumb, 4 bytes, Stack size 0 bytes, scanf1.o(x$fpl$scanf1))
<BR><BR>[Stack]<UL><LI>Max Depth = 340<LI>Call Chain = _scanf_real &rArr; _scanf_really_real &rArr; _fp_value &rArr; _btod_etento &rArr; _btod_emul &rArr; _e2e
</UL>
<BR>[Calls]<UL><LI><a href="#[143]">&gt;&gt;</a>&nbsp;&nbsp;&nbsp;_scanf_really_real
</UL>
<BR>[Called By]<UL><LI><a href="#[147]">&gt;&gt;</a>&nbsp;&nbsp;&nbsp;__vfscanf
</UL>

<P><STRONG><a name="[145]"></a>_scanf_hex_real</STRONG> (Thumb, 4 bytes, Stack size 0 bytes, scanf2.o(x$fpl$scanf2))
<BR><BR>[Stack]<UL><LI>Max Depth = 128<LI>Call Chain = _scanf_hex_real &rArr; _scanf_really_hex_real &rArr; __mathlib_narrow &rArr; __hardfp___mathlib_tofloat &rArr; __set_errno
</UL>
<BR>[Calls]<UL><LI><a href="#[150]">&gt;&gt;</a>&nbsp;&nbsp;&nbsp;_scanf_really_hex_real
</UL>
<BR>[Called By]<UL><LI><a href="#[143]">&gt;&gt;</a>&nbsp;&nbsp;&nbsp;_scanf_really_real
</UL>

<P><STRONG><a name="[144]"></a>_scanf_infnan</STRONG> (Thumb, 4 bytes, Stack size 0 bytes, scanf2.o(x$fpl$scanf2))
<BR><BR>[Stack]<UL><LI>Max Depth = 72<LI>Call Chain = _scanf_infnan &rArr; _scanf_really_infnan
</UL>
<BR>[Calls]<UL><LI><a href="#[216]">&gt;&gt;</a>&nbsp;&nbsp;&nbsp;_scanf_really_infnan
</UL>
<BR>[Called By]<UL><LI><a href="#[143]">&gt;&gt;</a>&nbsp;&nbsp;&nbsp;_scanf_really_real
</UL>

<P><STRONG><a name="[215]"></a>__fpl_cmpreturn</STRONG> (Thumb, 48 bytes, Stack size 0 bytes, trapv.o(x$fpl$trapveneer))
<BR><BR>[Called By]<UL><LI><a href="#[214]">&gt;&gt;</a>&nbsp;&nbsp;&nbsp;__fpl_return_NaN
</UL>
<P>
<H3>
Local Symbols
</H3>
<P><STRONG><a name="[1c3]"></a>debug_output</STRONG> (Thumb, 784 bytes, Stack size 376 bytes, zf_common_debug.o(.text.debug_output))
<BR><BR>[Stack]<UL><LI>Max Depth = 512 + Unknown Stack Size
<LI>Call Chain = debug_output &rArr; __2sprintf &rArr; _printf_char_common &rArr; __printf
</UL>
<BR>[Calls]<UL><LI><a href="#[12b]">&gt;&gt;</a>&nbsp;&nbsp;&nbsp;memset
<LI><a href="#[16d]">&gt;&gt;</a>&nbsp;&nbsp;&nbsp;strlen
<LI><a href="#[119]">&gt;&gt;</a>&nbsp;&nbsp;&nbsp;__2sprintf
</UL>
<BR>[Called By]<UL><LI><a href="#[1c0]">&gt;&gt;</a>&nbsp;&nbsp;&nbsp;debug_assert_handler
</UL>

<P><STRONG><a name="[f1]"></a>debug_uart_str_output</STRONG> (Thumb, 8 bytes, Stack size 0 bytes, zf_common_debug.o(.text.debug_uart_str_output))
<BR><BR>[Calls]<UL><LI><a href="#[1c6]">&gt;&gt;</a>&nbsp;&nbsp;&nbsp;uart_write_string
</UL>
<BR>[Address Reference Count : 1]<UL><LI> zf_common_debug.o(.text.debug_init)
</UL>
<P><STRONG><a name="[1d6]"></a>ips200_set_region</STRONG> (Thumb, 224 bytes, Stack size 40 bytes, zf_device_ips200.o(.text.ips200_set_region))
<BR><BR>[Stack]<UL><LI>Max Depth = 640 + Unknown Stack Size
<LI>Call Chain = ips200_set_region &rArr; ips200_write_command &rArr; spi_write_8bit &rArr; debug_assert_handler &rArr; debug_output &rArr; __2sprintf &rArr; _printf_char_common &rArr; __printf
</UL>
<BR>[Calls]<UL><LI><a href="#[1c0]">&gt;&gt;</a>&nbsp;&nbsp;&nbsp;debug_assert_handler
<LI><a href="#[1da]">&gt;&gt;</a>&nbsp;&nbsp;&nbsp;ips200_write_command
<LI><a href="#[1d7]">&gt;&gt;</a>&nbsp;&nbsp;&nbsp;ips200_write_16bit_data
</UL>
<BR>[Called By]<UL><LI><a href="#[1de]">&gt;&gt;</a>&nbsp;&nbsp;&nbsp;ips200_show_char
<LI><a href="#[f3]">&gt;&gt;</a>&nbsp;&nbsp;&nbsp;ips200_clear
</UL>

<P><STRONG><a name="[1d7]"></a>ips200_write_16bit_data</STRONG> (Thumb, 160 bytes, Stack size 16 bytes, zf_device_ips200.o(.text.ips200_write_16bit_data))
<BR><BR>[Stack]<UL><LI>Max Depth = 600 + Unknown Stack Size
<LI>Call Chain = ips200_write_16bit_data &rArr; spi_write_16bit &rArr; debug_assert_handler &rArr; debug_output &rArr; __2sprintf &rArr; _printf_char_common &rArr; __printf
</UL>
<BR>[Calls]<UL><LI><a href="#[1d5]">&gt;&gt;</a>&nbsp;&nbsp;&nbsp;fast_gpio_set_level
<LI><a href="#[1e0]">&gt;&gt;</a>&nbsp;&nbsp;&nbsp;spi_write_16bit
</UL>
<BR>[Called By]<UL><LI><a href="#[1de]">&gt;&gt;</a>&nbsp;&nbsp;&nbsp;ips200_show_char
<LI><a href="#[f3]">&gt;&gt;</a>&nbsp;&nbsp;&nbsp;ips200_clear
<LI><a href="#[1d6]">&gt;&gt;</a>&nbsp;&nbsp;&nbsp;ips200_set_region
</UL>

<P><STRONG><a name="[1da]"></a>ips200_write_command</STRONG> (Thumb, 124 bytes, Stack size 16 bytes, zf_device_ips200.o(.text.ips200_write_command))
<BR><BR>[Stack]<UL><LI>Max Depth = 600 + Unknown Stack Size
<LI>Call Chain = ips200_write_command &rArr; spi_write_8bit &rArr; debug_assert_handler &rArr; debug_output &rArr; __2sprintf &rArr; _printf_char_common &rArr; __printf
</UL>
<BR>[Calls]<UL><LI><a href="#[1d5]">&gt;&gt;</a>&nbsp;&nbsp;&nbsp;fast_gpio_set_level
<LI><a href="#[1e1]">&gt;&gt;</a>&nbsp;&nbsp;&nbsp;spi_write_8bit
</UL>
<BR>[Called By]<UL><LI><a href="#[1d8]">&gt;&gt;</a>&nbsp;&nbsp;&nbsp;ips200_init
<LI><a href="#[1d6]">&gt;&gt;</a>&nbsp;&nbsp;&nbsp;ips200_set_region
</UL>

<P><STRONG><a name="[1db]"></a>ips200_write_8bit_data</STRONG> (Thumb, 114 bytes, Stack size 8 bytes, zf_device_ips200.o(.text.ips200_write_8bit_data))
<BR><BR>[Stack]<UL><LI>Max Depth = 592 + Unknown Stack Size
<LI>Call Chain = ips200_write_8bit_data &rArr; spi_write_8bit &rArr; debug_assert_handler &rArr; debug_output &rArr; __2sprintf &rArr; _printf_char_common &rArr; __printf
</UL>
<BR>[Calls]<UL><LI><a href="#[1d5]">&gt;&gt;</a>&nbsp;&nbsp;&nbsp;fast_gpio_set_level
<LI><a href="#[1e1]">&gt;&gt;</a>&nbsp;&nbsp;&nbsp;spi_write_8bit
</UL>
<BR>[Called By]<UL><LI><a href="#[1d8]">&gt;&gt;</a>&nbsp;&nbsp;&nbsp;ips200_init
</UL>

<P><STRONG><a name="[164]"></a>CLOCK_GetPeriphClkFreq</STRONG> (Thumb, 794 bytes, Stack size 0 bytes, fsl_clock.o(.text.CLOCK_GetPeriphClkFreq))
<BR><BR>[Called By]<UL><LI><a href="#[163]">&gt;&gt;</a>&nbsp;&nbsp;&nbsp;CLOCK_GetFreq
<LI><a href="#[165]">&gt;&gt;</a>&nbsp;&nbsp;&nbsp;CLOCK_GetSemcFreq
</UL>

<P><STRONG><a name="[18b]"></a>LPSPI_SeparateReadData</STRONG> (Thumb, 152 bytes, Stack size 0 bytes, fsl_lpspi.o(.text.LPSPI_SeparateReadData))
<BR><BR>[Stack]<UL><LI>Max Depth = 448<LI>Call Chain = LPSPI_SeparateReadData &rArr; __aeabi_assert &rArr; DbgConsole_Printf &rArr; DbgConsole_Vprintf &rArr; __hardfp_pow &rArr; sqrt &rArr; __set_errno
</UL>
<BR>[Calls]<UL><LI><a href="#[162]">&gt;&gt;</a>&nbsp;&nbsp;&nbsp;__aeabi_assert
</UL>
<BR>[Called By]<UL><LI><a href="#[18a]">&gt;&gt;</a>&nbsp;&nbsp;&nbsp;LPSPI_MasterTransferBlocking
<LI><a href="#[185]">&gt;&gt;</a>&nbsp;&nbsp;&nbsp;LPSPI_SlaveTransferHandleIRQ
<LI><a href="#[186]">&gt;&gt;</a>&nbsp;&nbsp;&nbsp;LPSPI_MasterTransferHandleIRQ
</UL>

<P><STRONG><a name="[18c]"></a>LPSPI_MasterTransferFillUpTxFifo</STRONG> (Thumb, 156 bytes, Stack size 32 bytes, fsl_lpspi.o(.text.LPSPI_MasterTransferFillUpTxFifo))
<BR><BR>[Stack]<UL><LI>Max Depth = 480<LI>Call Chain = LPSPI_MasterTransferFillUpTxFifo &rArr; LPSPI_CombineWriteData &rArr; __aeabi_assert &rArr; DbgConsole_Printf &rArr; DbgConsole_Vprintf &rArr; __hardfp_pow &rArr; sqrt &rArr; __set_errno
</UL>
<BR>[Calls]<UL><LI><a href="#[187]">&gt;&gt;</a>&nbsp;&nbsp;&nbsp;LPSPI_CombineWriteData
</UL>
<BR>[Called By]<UL><LI><a href="#[186]">&gt;&gt;</a>&nbsp;&nbsp;&nbsp;LPSPI_MasterTransferHandleIRQ
</UL>

<P><STRONG><a name="[187]"></a>LPSPI_CombineWriteData</STRONG> (Thumb, 160 bytes, Stack size 0 bytes, fsl_lpspi.o(.text.LPSPI_CombineWriteData))
<BR><BR>[Stack]<UL><LI>Max Depth = 448<LI>Call Chain = LPSPI_CombineWriteData &rArr; __aeabi_assert &rArr; DbgConsole_Printf &rArr; DbgConsole_Vprintf &rArr; __hardfp_pow &rArr; sqrt &rArr; __set_errno
</UL>
<BR>[Calls]<UL><LI><a href="#[162]">&gt;&gt;</a>&nbsp;&nbsp;&nbsp;__aeabi_assert
</UL>
<BR>[Called By]<UL><LI><a href="#[18a]">&gt;&gt;</a>&nbsp;&nbsp;&nbsp;LPSPI_MasterTransferBlocking
<LI><a href="#[18c]">&gt;&gt;</a>&nbsp;&nbsp;&nbsp;LPSPI_MasterTransferFillUpTxFifo
<LI><a href="#[185]">&gt;&gt;</a>&nbsp;&nbsp;&nbsp;LPSPI_SlaveTransferHandleIRQ
</UL>

<P><STRONG><a name="[1a6]"></a>USB_DeviceEhciCancelControlPipe</STRONG> (Thumb, 198 bytes, Stack size 48 bytes, usb_device_ehci.o(.text.USB_DeviceEhciCancelControlPipe))
<BR><BR>[Stack]<UL><LI>Max Depth = 80<LI>Call Chain = USB_DeviceEhciCancelControlPipe &rArr; USB_DeviceNotificationTrigger
</UL>
<BR>[Calls]<UL><LI><a href="#[1a7]">&gt;&gt;</a>&nbsp;&nbsp;&nbsp;USB_DeviceNotificationTrigger
</UL>
<BR>[Called By]<UL><LI><a href="#[1a8]">&gt;&gt;</a>&nbsp;&nbsp;&nbsp;USB_DeviceEhciIsrFunction
</UL>

<P><STRONG><a name="[f4]"></a>_GLOBAL__sub_I_audio_capture.cpp</STRONG> (Thumb, 44 bytes, Stack size 8 bytes, audio_capture.o(.text._GLOBAL__sub_I_audio_capture.cpp))
<BR><BR>[Stack]<UL><LI>Max Depth = 336 + Unknown Stack Size
<LI>Call Chain = _GLOBAL__sub_I_audio_capture.cpp &rArr; KWS_MFCC::KWS_MFCC(int) &rArr; KWS_MFCC::init_mfcc() &rArr; MFCC::MFCC(int, int) &rArr; __hardfp_pow &rArr; sqrt &rArr; __set_errno
</UL>
<BR>[Calls]<UL><LI><a href="#[1a9]">&gt;&gt;</a>&nbsp;&nbsp;&nbsp;KWS_MFCC::KWS_MFCC(int)
<LI><a href="#[125]">&gt;&gt;</a>&nbsp;&nbsp;&nbsp;__cxa_atexit
</UL>
<BR>[Address Reference Count : 1]<UL><LI> audio_capture.o(.init_array)
</UL>
<P><STRONG><a name="[e9]"></a>arm_rfft_64_fast_init_f32</STRONG> (Thumb, 52 bytes, Stack size 0 bytes, transformfunctions.o(.text.arm_rfft_64_fast_init_f32))
<BR>[Address Reference Count : 1]<UL><LI> transformfunctions.o(.text.arm_rfft_fast_init_f32)
</UL>
<P><STRONG><a name="[ea]"></a>arm_rfft_1024_fast_init_f32</STRONG> (Thumb, 56 bytes, Stack size 0 bytes, transformfunctions.o(.text.arm_rfft_1024_fast_init_f32))
<BR>[Address Reference Count : 1]<UL><LI> transformfunctions.o(.text.arm_rfft_fast_init_f32)
</UL>
<P><STRONG><a name="[eb]"></a>arm_rfft_256_fast_init_f32</STRONG> (Thumb, 54 bytes, Stack size 0 bytes, transformfunctions.o(.text.arm_rfft_256_fast_init_f32))
<BR>[Address Reference Count : 1]<UL><LI> transformfunctions.o(.text.arm_rfft_fast_init_f32)
</UL>
<P><STRONG><a name="[ec]"></a>arm_rfft_2048_fast_init_f32</STRONG> (Thumb, 56 bytes, Stack size 0 bytes, transformfunctions.o(.text.arm_rfft_2048_fast_init_f32))
<BR>[Address Reference Count : 1]<UL><LI> transformfunctions.o(.text.arm_rfft_fast_init_f32)
</UL>
<P><STRONG><a name="[ed]"></a>arm_rfft_32_fast_init_f32</STRONG> (Thumb, 52 bytes, Stack size 0 bytes, transformfunctions.o(.text.arm_rfft_32_fast_init_f32))
<BR>[Address Reference Count : 1]<UL><LI> transformfunctions.o(.text.arm_rfft_fast_init_f32)
</UL>
<P><STRONG><a name="[ee]"></a>arm_rfft_512_fast_init_f32</STRONG> (Thumb, 56 bytes, Stack size 0 bytes, transformfunctions.o(.text.arm_rfft_512_fast_init_f32))
<BR>[Address Reference Count : 1]<UL><LI> transformfunctions.o(.text.arm_rfft_fast_init_f32)
</UL>
<P><STRONG><a name="[ef]"></a>arm_rfft_128_fast_init_f32</STRONG> (Thumb, 52 bytes, Stack size 0 bytes, transformfunctions.o(.text.arm_rfft_128_fast_init_f32))
<BR>[Address Reference Count : 1]<UL><LI> transformfunctions.o(.text.arm_rfft_fast_init_f32)
</UL>
<P><STRONG><a name="[f0]"></a>arm_rfft_4096_fast_init_f32</STRONG> (Thumb, 56 bytes, Stack size 0 bytes, transformfunctions.o(.text.arm_rfft_4096_fast_init_f32))
<BR>[Address Reference Count : 1]<UL><LI> transformfunctions.o(.text.arm_rfft_fast_init_f32)
</UL>
<P><STRONG><a name="[134]"></a>_fp_digits</STRONG> (Thumb, 432 bytes, Stack size 96 bytes, _printf_fp_dec.o(.text))
<BR><BR>[Stack]<UL><LI>Max Depth = 220<LI>Call Chain = _fp_digits &rArr; _btod_etento &rArr; _btod_emul &rArr; _e2e
</UL>
<BR>[Calls]<UL><LI><a href="#[138]">&gt;&gt;</a>&nbsp;&nbsp;&nbsp;_btod_emul
<LI><a href="#[137]">&gt;&gt;</a>&nbsp;&nbsp;&nbsp;_btod_ediv
<LI><a href="#[136]">&gt;&gt;</a>&nbsp;&nbsp;&nbsp;_btod_d2e
<LI><a href="#[135]">&gt;&gt;</a>&nbsp;&nbsp;&nbsp;_btod_etento
<LI><a href="#[139]">&gt;&gt;</a>&nbsp;&nbsp;&nbsp;_ll_udiv10
</UL>
<BR>[Called By]<UL><LI><a href="#[13a]">&gt;&gt;</a>&nbsp;&nbsp;&nbsp;_printf_fp_dec_real
</UL>

<P><STRONG><a name="[e2]"></a>_printf_input_char</STRONG> (Thumb, 10 bytes, Stack size 0 bytes, _printf_char_common.o(.text))
<BR>[Address Reference Count : 1]<UL><LI> _printf_char_common.o(.text)
</UL>
<P><STRONG><a name="[13f]"></a>_fp_value</STRONG> (Thumb, 588 bytes, Stack size 96 bytes, scanf_fp.o(.text))
<BR><BR>[Stack]<UL><LI>Max Depth = 220<LI>Call Chain = _fp_value &rArr; _btod_etento &rArr; _btod_emul &rArr; _e2e
</UL>
<BR>[Calls]<UL><LI><a href="#[132]">&gt;&gt;</a>&nbsp;&nbsp;&nbsp;__aeabi_errno_addr
<LI><a href="#[141]">&gt;&gt;</a>&nbsp;&nbsp;&nbsp;_btod_emuld
<LI><a href="#[142]">&gt;&gt;</a>&nbsp;&nbsp;&nbsp;_btod_edivd
<LI><a href="#[135]">&gt;&gt;</a>&nbsp;&nbsp;&nbsp;_btod_etento
<LI><a href="#[140]">&gt;&gt;</a>&nbsp;&nbsp;&nbsp;__ieee_status
</UL>
<BR>[Called By]<UL><LI><a href="#[143]">&gt;&gt;</a>&nbsp;&nbsp;&nbsp;_scanf_really_real
</UL>

<P><STRONG><a name="[e3]"></a>_scanf_char_input</STRONG> (Thumb, 12 bytes, Stack size 0 bytes, scanf_char.o(.text))
<BR>[Address Reference Count : 1]<UL><LI> scanf_char.o(.text)
</UL><P>
<H3>
Undefined Global Symbols
</H3><HR></body></html>
