<html>
<body>
<pre>
<h1>µVision Build Log</h1>
<h2>Tool Versions:</h2>
IDE-Version: ¦ÌVision V5.39.0.0
Copyright (C) 2023 ARM Ltd and ARM Germany GmbH. All rights reserved.
License Information: A ASUS, a, LIC=D0D7S-L18SP-WF4I7-EDSJC-X1RV4-FJPSF
 
Tool Versions:
Toolchain:       MDK-ARM Plus  Version: 5.39.0.0
Toolchain Path:  F:\keil5\ARM\ARMCLANG\Bin
C Compiler:      ArmClang.exe V6.21
Assembler:       Armasm.exe V6.21
Linker/Locator:  ArmLink.exe V6.21
Library Manager: ArmAr.exe V6.21
Hex Converter:   FromElf.exe V6.21
CPU DLL:         SARMCM3.DLL V5.39.0.0
Dialog DLL:      DCM.DLL V1.17.5.0
Target DLL:      CMSIS_AGDI.dll V1.33.16.0
Dialog DLL:      TCM.DLL V1.56.4.0
 
<h2>Project:</h2>
E:\CCCar\CCCar\project\project\mdk\rt1064.uvprojx
Project File Date:  08/16/2025

<h2>Output:</h2>
*** Using Compiler 'V6.21', folder: 'F:\keil5\ARM\ARMCLANG\Bin'
Build target 'nor_sdram_zf_dtcm'
../user/src/main.c(702): warning: expression result unused [-Wunused-value]
  702 |         {                                                                                                                                                                                                                                                                                                                                                                                                     0;//<D3><C3><D3><DA><C9><E8><D6><C3>Ç°<BD><F8><B5>Ä³<F5><CB>Ù¶<C8>
      |                                                                                                                                                                                                                                                                                                                                                                                                               ^
1 warning generated.
compiling main.c...
linking...
Program Size: Code=71724 RO-data=89252 RW-data=160 ZI-data=83220  
".\Objects\rt1064.axf" - 0 Error(s), 1 Warning(s).

<h2>Software Packages used:</h2>

Package Vendor: NXP
                https://mcuxpresso.nxp.com/cmsis_pack/repo/NXP.MIMXRT1064_DFP.25.06.00.pack
                NXP::MIMXRT1064_DFP@25.06.00
                Device Family Pack for MIMXRT1064

<h2>Collection of Component include folders:</h2>
  F:/keil5/ARM/pack/NXP/MIMXRT1064_DFP/25.06.00/devices/MIMXRT1064

<h2>Collection of Component Files used:</h2>
Build Time Elapsed:  00:00:19
</pre>
</body>
</html>
