<html>
<body>
<pre>
<h1>礦ision Build Log</h1>
<h2>Tool Versions:</h2>
IDE-Version: μVision V5.41.0.0
Copyright (C) 2024 ARM Ltd and ARM Germany GmbH. All rights reserved.
License Information: yx f, sysu, LIC=PE7DL-0W623-QD0KD-8W7IP-0SQ49-VDYGB
 
Tool Versions:
Toolchain:       MDK-ARM Plus  Version: 5.41.0.0
Toolchain Path:  C:\Users\fyx\AppData\Local\Keil_v5\ARM\ARMCC\Bin
C Compiler:      Armcc.exe V5.06 update 7 (build 960)
Assembler:       Armasm.exe V5.06 update 7 (build 960)
Linker/Locator:  ArmLink.exe V5.06 update 7 (build 960)
Library Manager: ArmAr.exe V5.06 update 7 (build 960)
Hex Converter:   FromElf.exe V5.06 update 7 (build 960)
CPU DLL:         SARMCM3.DLL V5.41.0.0
Dialog DLL:      DARMSTM.DLL V1.69.1.0
Target DLL:      STLink\ST-LINKIII-KEIL_SWO.dll V3.3.0.0
Dialog DLL:      TARMSTM.DLL V1.67.1.0
 
<h2>Project:</h2>
C:\sysu_s\hardware\uHand2.0仿生机械手掌\5.案例代码学习\STM32\STM32源码\STM32 2.2\OpenArmSTM32.uvproj
Project File Date:  08/04/2025

<h2>Output:</h2>
*** Using Compiler 'V5.06 update 7 (build 960)', folder: 'C:\Users\fyx\AppData\Local\Keil_v5\ARM\ARMCC\Bin'
Build target 'Target 1'
compiling PWM.c...
USER\PWM.c(17): warning:  #186-D: pointless comparison of unsigned integer with zero
  	if(id >= 0 && id <= 7 && p >= 500 && p <= 2500)
USER\PWM.c: 1 warning, 0 errors
linking...
Program Size: Code=18904 RO-data=268 RW-data=220 ZI-data=2732  
FromELF: creating hex file...
".\Obj\OpenArmSTM32.axf" - 0 Error(s), 1 Warning(s).
Build Time Elapsed:  00:00:02
</pre>
</body>
</html>
